Archive member included because of file (symbol)

c:/program files (x86)/gnu tools arm embedded/4.9 2015q3/bin/../lib/gcc/arm-none-eabi/4.9.3/armv7e-m\libgcc.a(_arm_addsubdf3.o)
                              ..\obj\tm_stm32f4_fatfs.o (__aeabi_ui2d)
c:/program files (x86)/gnu tools arm embedded/4.9 2015q3/bin/../lib/gcc/arm-none-eabi/4.9.3/armv7e-m\libgcc.a(_arm_muldivdf3.o)
                              ..\obj\tm_stm32f4_fatfs.o (__aeabi_dmul)
c:/program files (x86)/gnu tools arm embedded/4.9 2015q3/bin/../lib/gcc/arm-none-eabi/4.9.3/armv7e-m\libgcc.a(_arm_cmpdf2.o)
                              ..\obj\tm_stm32f4_timer_properties.o (__aeabi_dcmpeq)
c:/program files (x86)/gnu tools arm embedded/4.9 2015q3/bin/../lib/gcc/arm-none-eabi/4.9.3/armv7e-m\libgcc.a(_arm_fixunsdfsi.o)
                              ..\obj\tm_stm32f4_fatfs.o (__aeabi_d2uiz)
c:/program files (x86)/gnu tools arm embedded/4.9 2015q3/bin/../lib/gcc/arm-none-eabi/4.9.3/../../../../arm-none-eabi/lib/armv7e-m\libg.a(lib_a-malloc.o)
                              ..\obj\tm_stm32f4_fatfs.o (malloc)
c:/program files (x86)/gnu tools arm embedded/4.9 2015q3/bin/../lib/gcc/arm-none-eabi/4.9.3/../../../../arm-none-eabi/lib/armv7e-m\libg.a(lib_a-mallocr.o)
                              c:/program files (x86)/gnu tools arm embedded/4.9 2015q3/bin/../lib/gcc/arm-none-eabi/4.9.3/../../../../arm-none-eabi/lib/armv7e-m\libg.a(lib_a-malloc.o) (_malloc_r)
c:/program files (x86)/gnu tools arm embedded/4.9 2015q3/bin/../lib/gcc/arm-none-eabi/4.9.3/../../../../arm-none-eabi/lib/armv7e-m\libg.a(lib_a-mlock.o)
                              c:/program files (x86)/gnu tools arm embedded/4.9 2015q3/bin/../lib/gcc/arm-none-eabi/4.9.3/../../../../arm-none-eabi/lib/armv7e-m\libg.a(lib_a-mallocr.o) (__malloc_lock)
c:/program files (x86)/gnu tools arm embedded/4.9 2015q3/bin/../lib/gcc/arm-none-eabi/4.9.3/../../../../arm-none-eabi/lib/armv7e-m\libg.a(lib_a-sbrkr.o)
                              c:/program files (x86)/gnu tools arm embedded/4.9 2015q3/bin/../lib/gcc/arm-none-eabi/4.9.3/../../../../arm-none-eabi/lib/armv7e-m\libg.a(lib_a-mallocr.o) (_sbrk_r)
c:/program files (x86)/gnu tools arm embedded/4.9 2015q3/bin/../lib/gcc/arm-none-eabi/4.9.3/../../../../arm-none-eabi/lib/armv7e-m\libg.a(lib_a-strcpy.o)
                              ..\obj\tm_stm32f4_fatfs.o (strcpy)
c:/program files (x86)/gnu tools arm embedded/4.9 2015q3/bin/../lib/gcc/arm-none-eabi/4.9.3/../../../../arm-none-eabi/lib/armv7e-m\libg.a(lib_a-strlen.o)
                              ..\obj\tm_stm32f4_fatfs.o (strlen)
c:/program files (x86)/gnu tools arm embedded/4.9 2015q3/bin/../lib/gcc/arm-none-eabi/4.9.3/../../../../arm-none-eabi/lib/armv7e-m\libg.a(lib_a-freer.o)
                              c:/program files (x86)/gnu tools arm embedded/4.9 2015q3/bin/../lib/gcc/arm-none-eabi/4.9.3/../../../../arm-none-eabi/lib/armv7e-m\libg.a(lib_a-malloc.o) (_free_r)
c:/program files (x86)/gnu tools arm embedded/4.9 2015q3/bin/../lib/gcc/arm-none-eabi/4.9.3/../../../../arm-none-eabi/lib/armv7e-m\libg.a(lib_a-reent.o)
                              c:/program files (x86)/gnu tools arm embedded/4.9 2015q3/bin/../lib/gcc/arm-none-eabi/4.9.3/../../../../arm-none-eabi/lib/armv7e-m\libg.a(lib_a-sbrkr.o) (errno)

Allocating common symbols
Common symbol       size              file

errno               0x4               c:/program files (x86)/gnu tools arm embedded/4.9 2015q3/bin/../lib/gcc/arm-none-eabi/4.9.3/../../../../arm-none-eabi/lib/armv7e-m\libg.a(lib_a-reent.o)
mult                0x4               ..\obj\tm_stm32f4_delay.o

Discarded input sections

 .text          0x00000000        0x0 ..\obj\semihosting.o
 .data          0x00000000        0x0 ..\obj\semihosting.o
 .bss           0x00000000       0x11 ..\obj\semihosting.o
 .text.SH_SendChar
                0x00000000       0x68 ..\obj\semihosting.o
 .text.SH_SendString
                0x00000000       0x24 ..\obj\semihosting.o
 .text.SH_GetChar
                0x00000000       0x40 ..\obj\semihosting.o
 .debug_info    0x00000000      0x12b ..\obj\semihosting.o
 .debug_abbrev  0x00000000       0xab ..\obj\semihosting.o
 .debug_aranges
                0x00000000       0x30 ..\obj\semihosting.o
 .debug_ranges  0x00000000       0x20 ..\obj\semihosting.o
 .debug_line    0x00000000       0xa9 ..\obj\semihosting.o
 .debug_str     0x00000000      0x183 ..\obj\semihosting.o
 .comment       0x00000000       0x71 ..\obj\semihosting.o
 .debug_frame   0x00000000       0x7c ..\obj\semihosting.o
 .ARM.attributes
                0x00000000       0x33 ..\obj\semihosting.o
 .text          0x00000000        0x0 ..\obj\tm_stm32f4_fatfs.o
 .data          0x00000000        0x0 ..\obj\tm_stm32f4_fatfs.o
 .bss           0x00000000      0x100 ..\obj\tm_stm32f4_fatfs.o
 .text.TM_FATFS_GetDriveSize
                0x00000000       0xa8 ..\obj\tm_stm32f4_fatfs.o
 .rodata        0x00000000        0xc ..\obj\tm_stm32f4_fatfs.o
 .text.TM_FATFS_DriveSize
                0x00000000       0x60 ..\obj\tm_stm32f4_fatfs.o
 .text.TM_FATFS_USBDriveSize
                0x00000000       0x60 ..\obj\tm_stm32f4_fatfs.o
 .text.TM_FATFS_TruncateBeginning
                0x00000000      0x1ac ..\obj\tm_stm32f4_fatfs.o
 .text.TM_FATFS_CheckCardDetectPin
                0x00000000       0x18 ..\obj\tm_stm32f4_fatfs.o
 .text.TM_FATFS_Search
                0x00000000       0x84 ..\obj\tm_stm32f4_fatfs.o
 .text.TM_FATFS_SearchCallback
                0x00000000       0x1c ..\obj\tm_stm32f4_fatfs.o
 .text.scan_files
                0x00000000      0x14c ..\obj\tm_stm32f4_fatfs.o
 .debug_info    0x00000000      0x892 ..\obj\tm_stm32f4_fatfs.o
 .debug_abbrev  0x00000000      0x18c ..\obj\tm_stm32f4_fatfs.o
 .debug_aranges
                0x00000000       0x58 ..\obj\tm_stm32f4_fatfs.o
 .debug_ranges  0x00000000       0x48 ..\obj\tm_stm32f4_fatfs.o
 .debug_line    0x00000000      0x2f9 ..\obj\tm_stm32f4_fatfs.o
 .debug_str     0x00000000      0x5bc ..\obj\tm_stm32f4_fatfs.o
 .comment       0x00000000       0x71 ..\obj\tm_stm32f4_fatfs.o
 .debug_frame   0x00000000      0x13c ..\obj\tm_stm32f4_fatfs.o
 .ARM.attributes
                0x00000000       0x33 ..\obj\tm_stm32f4_fatfs.o
 .text          0x00000000        0x0 ..\obj\stm32f4xx_pwr.o
 .data          0x00000000        0x0 ..\obj\stm32f4xx_pwr.o
 .bss           0x00000000        0x0 ..\obj\stm32f4xx_pwr.o
 .text.PWR_DeInit
                0x00000000       0x1c ..\obj\stm32f4xx_pwr.o
 .text.PWR_BackupAccessCmd
                0x00000000       0x20 ..\obj\stm32f4xx_pwr.o
 .text.PWR_PVDLevelConfig
                0x00000000       0x38 ..\obj\stm32f4xx_pwr.o
 .text.PWR_PVDCmd
                0x00000000       0x20 ..\obj\stm32f4xx_pwr.o
 .text.PWR_WakeUpPinCmd
                0x00000000       0x20 ..\obj\stm32f4xx_pwr.o
 .text.PWR_BackupRegulatorCmd
                0x00000000       0x20 ..\obj\stm32f4xx_pwr.o
 .text.PWR_MainRegulatorModeConfig
                0x00000000       0x38 ..\obj\stm32f4xx_pwr.o
 .text.PWR_FlashPowerDownCmd
                0x00000000       0x20 ..\obj\stm32f4xx_pwr.o
 .text.PWR_EnterSTOPMode
                0x00000000       0x64 ..\obj\stm32f4xx_pwr.o
 .text.PWR_EnterSTANDBYMode
                0x00000000       0x3c ..\obj\stm32f4xx_pwr.o
 .text.PWR_GetFlagStatus
                0x00000000       0x34 ..\obj\stm32f4xx_pwr.o
 .text.PWR_ClearFlag
                0x00000000       0x24 ..\obj\stm32f4xx_pwr.o
 .debug_info    0x00000000      0x4fc ..\obj\stm32f4xx_pwr.o
 .debug_abbrev  0x00000000      0x17f ..\obj\stm32f4xx_pwr.o
 .debug_aranges
                0x00000000       0x78 ..\obj\stm32f4xx_pwr.o
 .debug_ranges  0x00000000       0x68 ..\obj\stm32f4xx_pwr.o
 .debug_line    0x00000000      0x2b4 ..\obj\stm32f4xx_pwr.o
 .debug_str     0x00000000      0x38a ..\obj\stm32f4xx_pwr.o
 .comment       0x00000000       0x71 ..\obj\stm32f4xx_pwr.o
 .debug_frame   0x00000000      0x1dc ..\obj\stm32f4xx_pwr.o
 .ARM.attributes
                0x00000000       0x33 ..\obj\stm32f4xx_pwr.o
 .text          0x00000000        0x0 ..\obj\diskio.o
 .bss           0x00000000        0x0 ..\obj\diskio.o
 .text.TM_FATFS_AddDriver
                0x00000000       0x94 ..\obj\diskio.o
 .text.disk_ioctl
                0x00000000       0x54 ..\obj\diskio.o
 .text.get_fattime
                0x00000000       0x14 ..\obj\diskio.o
 .text.TM_FATFS_SD_SDIO_disk_initialize
                0x00000000       0x10 ..\obj\diskio.o
 .text.TM_FATFS_SD_disk_initialize
                0x00000000       0x10 ..\obj\diskio.o
 .text.TM_FATFS_SPI_FLASH_disk_initialize
                0x00000000       0x10 ..\obj\diskio.o
 .text.TM_FATFS_SD_SDIO_disk_status
                0x00000000       0x10 ..\obj\diskio.o
 .text.TM_FATFS_SD_disk_status
                0x00000000       0x10 ..\obj\diskio.o
 .text.TM_FATFS_SPI_FLASH_disk_status
                0x00000000       0x10 ..\obj\diskio.o
 .text.TM_FATFS_SD_SDIO_disk_ioctl
                0x00000000       0x1c ..\obj\diskio.o
 .text.TM_FATFS_SD_disk_ioctl
                0x00000000       0x1c ..\obj\diskio.o
 .text.TM_FATFS_SPI_FLASH_disk_ioctl
                0x00000000       0x1c ..\obj\diskio.o
 .text.TM_FATFS_SD_SDIO_disk_read
                0x00000000       0x1c ..\obj\diskio.o
 .text.TM_FATFS_SD_disk_read
                0x00000000       0x1c ..\obj\diskio.o
 .text.TM_FATFS_SPI_FLASH_disk_read
                0x00000000       0x1c ..\obj\diskio.o
 .text.TM_FATFS_SD_SDIO_disk_write
                0x00000000       0x1c ..\obj\diskio.o
 .text.TM_FATFS_SD_disk_write
                0x00000000       0x1c ..\obj\diskio.o
 .text.TM_FATFS_SPI_FLASH_disk_write
                0x00000000       0x1c ..\obj\diskio.o
 .text          0x00000000        0x0 ..\obj\startup_stm32f4xx.o
 .data          0x00000000        0x0 ..\obj\startup_stm32f4xx.o
 .bss           0x00000000        0x0 ..\obj\startup_stm32f4xx.o
 .text          0x00000000        0x0 ..\obj\main.o
 .data          0x00000000        0x0 ..\obj\main.o
 .bss           0x00000000        0x0 ..\obj\main.o
 .text          0x00000000        0x0 ..\obj\stm32f4xx_rcc.o
 .data          0x00000000       0x10 ..\obj\stm32f4xx_rcc.o
 .bss           0x00000000        0x0 ..\obj\stm32f4xx_rcc.o
 .text.RCC_DeInit
                0x00000000       0x50 ..\obj\stm32f4xx_rcc.o
 .text.RCC_HSEConfig
                0x00000000       0x24 ..\obj\stm32f4xx_rcc.o
 .text.RCC_WaitForHSEStartUp
                0x00000000       0x50 ..\obj\stm32f4xx_rcc.o
 .text.RCC_AdjustHSICalibrationValue
                0x00000000       0x3c ..\obj\stm32f4xx_rcc.o
 .text.RCC_HSICmd
                0x00000000       0x20 ..\obj\stm32f4xx_rcc.o
 .text.RCC_LSEConfig
                0x00000000       0x40 ..\obj\stm32f4xx_rcc.o
 .text.RCC_LSICmd
                0x00000000       0x20 ..\obj\stm32f4xx_rcc.o
 .text.RCC_PLLConfig
                0x00000000       0x3c ..\obj\stm32f4xx_rcc.o
 .text.RCC_PLLCmd
                0x00000000       0x20 ..\obj\stm32f4xx_rcc.o
 .text.RCC_PLLI2SConfig
                0x00000000       0x28 ..\obj\stm32f4xx_rcc.o
 .text.RCC_PLLI2SCmd
                0x00000000       0x20 ..\obj\stm32f4xx_rcc.o
 .text.RCC_ClockSecuritySystemCmd
                0x00000000       0x20 ..\obj\stm32f4xx_rcc.o
 .text.RCC_MCO1Config
                0x00000000       0x3c ..\obj\stm32f4xx_rcc.o
 .text.RCC_MCO2Config
                0x00000000       0x3c ..\obj\stm32f4xx_rcc.o
 .text.RCC_SYSCLKConfig
                0x00000000       0x38 ..\obj\stm32f4xx_rcc.o
 .text.RCC_GetSYSCLKSource
                0x00000000       0x20 ..\obj\stm32f4xx_rcc.o
 .text.RCC_HCLKConfig
                0x00000000       0x38 ..\obj\stm32f4xx_rcc.o
 .text.RCC_PCLK1Config
                0x00000000       0x38 ..\obj\stm32f4xx_rcc.o
 .text.RCC_PCLK2Config
                0x00000000       0x38 ..\obj\stm32f4xx_rcc.o
 .text.RCC_GetClocksFreq
                0x00000000      0x154 ..\obj\stm32f4xx_rcc.o
 .text.RCC_RTCCLKConfig
                0x00000000       0x5c ..\obj\stm32f4xx_rcc.o
 .text.RCC_RTCCLKCmd
                0x00000000       0x20 ..\obj\stm32f4xx_rcc.o
 .text.RCC_BackupResetCmd
                0x00000000       0x20 ..\obj\stm32f4xx_rcc.o
 .text.RCC_I2SCLKConfig
                0x00000000       0x1c ..\obj\stm32f4xx_rcc.o
 .text.RCC_AHB2PeriphClockCmd
                0x00000000       0x3c ..\obj\stm32f4xx_rcc.o
 .text.RCC_AHB3PeriphClockCmd
                0x00000000       0x3c ..\obj\stm32f4xx_rcc.o
 .text.RCC_APB1PeriphClockCmd
                0x00000000       0x3c ..\obj\stm32f4xx_rcc.o
 .text.RCC_APB2PeriphClockCmd
                0x00000000       0x3c ..\obj\stm32f4xx_rcc.o
 .text.RCC_AHB1PeriphResetCmd
                0x00000000       0x3c ..\obj\stm32f4xx_rcc.o
 .text.RCC_AHB2PeriphResetCmd
                0x00000000       0x3c ..\obj\stm32f4xx_rcc.o
 .text.RCC_AHB3PeriphResetCmd
                0x00000000       0x3c ..\obj\stm32f4xx_rcc.o
 .text.RCC_APB1PeriphResetCmd
                0x00000000       0x3c ..\obj\stm32f4xx_rcc.o
 .text.RCC_APB2PeriphResetCmd
                0x00000000       0x3c ..\obj\stm32f4xx_rcc.o
 .text.RCC_AHB1PeriphClockLPModeCmd
                0x00000000       0x3c ..\obj\stm32f4xx_rcc.o
 .text.RCC_AHB2PeriphClockLPModeCmd
                0x00000000       0x3c ..\obj\stm32f4xx_rcc.o
 .text.RCC_AHB3PeriphClockLPModeCmd
                0x00000000       0x3c ..\obj\stm32f4xx_rcc.o
 .text.RCC_APB1PeriphClockLPModeCmd
                0x00000000       0x3c ..\obj\stm32f4xx_rcc.o
 .text.RCC_APB2PeriphClockLPModeCmd
                0x00000000       0x3c ..\obj\stm32f4xx_rcc.o
 .text.RCC_ITConfig
                0x00000000       0x4c ..\obj\stm32f4xx_rcc.o
 .text.RCC_GetFlagStatus
                0x00000000       0x74 ..\obj\stm32f4xx_rcc.o
 .text.RCC_ClearFlag
                0x00000000       0x1c ..\obj\stm32f4xx_rcc.o
 .text.RCC_GetITStatus
                0x00000000       0x38 ..\obj\stm32f4xx_rcc.o
 .text.RCC_ClearITPendingBit
                0x00000000       0x20 ..\obj\stm32f4xx_rcc.o
 .text          0x00000000        0x0 ..\obj\fatfs_spi_flash.o
 .bss           0x00000000        0x0 ..\obj\fatfs_spi_flash.o
 .text          0x00000000        0x0 ..\obj\printf.o
 .data          0x00000000      0x42c ..\obj\printf.o
 .bss           0x00000000        0x0 ..\obj\printf.o
 .text.PrintChar
                0x00000000       0x18 ..\obj\printf.o
 .text.PutChar  0x00000000       0x20 ..\obj\printf.o
 .text.PutString
                0x00000000       0x3c ..\obj\printf.o
 .text.PutUnsignedInt
                0x00000000       0xa0 ..\obj\printf.o
 .text.PutSignedInt
                0x00000000      0x104 ..\obj\printf.o
 .text.PutHexa  0x00000000       0xd8 ..\obj\printf.o
 .text.vsnprintf
                0x00000000      0x25c ..\obj\printf.o
 .text.snprintf
                0x00000000       0x30 ..\obj\printf.o
 .text.vsprintf
                0x00000000       0x24 ..\obj\printf.o
 .rodata        0x00000000       0x24 ..\obj\printf.o
 .text.vfprintf
                0x00000000       0x68 ..\obj\printf.o
 .text.vprintf  0x00000000       0x28 ..\obj\printf.o
 .text.fprintf  0x00000000       0x2c ..\obj\printf.o
 .text.printf   0x00000000       0x28 ..\obj\printf.o
 .text.sprintf  0x00000000       0x2c ..\obj\printf.o
 .text.puts     0x00000000       0x24 ..\obj\printf.o
 .text.fputc    0x00000000       0x40 ..\obj\printf.o
 .text.fputs    0x00000000       0x48 ..\obj\printf.o
 .debug_info    0x00000000      0xe38 ..\obj\printf.o
 .debug_abbrev  0x00000000      0x27e ..\obj\printf.o
 .debug_aranges
                0x00000000       0xa0 ..\obj\printf.o
 .debug_ranges  0x00000000       0x90 ..\obj\printf.o
 .debug_line    0x00000000      0x372 ..\obj\printf.o
 .debug_str     0x00000000      0x652 ..\obj\printf.o
 .comment       0x00000000       0x71 ..\obj\printf.o
 .debug_frame   0x00000000      0x2dc ..\obj\printf.o
 .ARM.attributes
                0x00000000       0x33 ..\obj\printf.o
 .text          0x00000000        0x0 ..\obj\fatfs_sd.o
 .text          0x00000000        0x0 ..\obj\tm_stm32f4_delay.o
 .data          0x00000000        0x0 ..\obj\tm_stm32f4_delay.o
 .text.TM_DELAY_EnableDelayTimer
                0x00000000       0x2c ..\obj\tm_stm32f4_delay.o
 .text.TM_DELAY_DisableDelayTimer
                0x00000000       0x1c ..\obj\tm_stm32f4_delay.o
 .text.TM_DELAY_TimerCreate
                0x00000000       0x7c ..\obj\tm_stm32f4_delay.o
 .text.TM_DELAY_TimerDelete
                0x00000000       0xa4 ..\obj\tm_stm32f4_delay.o
 .text.TM_DELAY_TimerStop
                0x00000000       0x1c ..\obj\tm_stm32f4_delay.o
 .text.TM_DELAY_TimerStart
                0x00000000       0x1c ..\obj\tm_stm32f4_delay.o
 .text.TM_DELAY_TimerReset
                0x00000000       0x20 ..\obj\tm_stm32f4_delay.o
 .text.TM_DELAY_TimerAutoReload
                0x00000000       0x20 ..\obj\tm_stm32f4_delay.o
 .text.TM_DELAY_TimerAutoReloadValue
                0x00000000       0x20 ..\obj\tm_stm32f4_delay.o
 .text          0x00000000        0x0 ..\obj\tm_stm32f4_spi.o
 .data          0x00000000        0x0 ..\obj\tm_stm32f4_spi.o
 .bss           0x00000000        0x0 ..\obj\tm_stm32f4_spi.o
 .text.TM_SPI_InitWithMode
                0x00000000       0x7c ..\obj\tm_stm32f4_spi.o
 .text.TM_SPI_InitFull
                0x00000000       0x88 ..\obj\tm_stm32f4_spi.o
 .text.TM_SPI_GetPrescalerFromMaxFrequency
                0x00000000       0x68 ..\obj\tm_stm32f4_spi.o
 .text.TM_SPI_SetDataSize
                0x00000000       0x78 ..\obj\tm_stm32f4_spi.o
 .text.TM_SPI_SendMulti
                0x00000000       0x98 ..\obj\tm_stm32f4_spi.o
 .text.TM_SPI_SendMulti16
                0x00000000       0x98 ..\obj\tm_stm32f4_spi.o
 .text.TM_SPI_WriteMulti16
                0x00000000       0x88 ..\obj\tm_stm32f4_spi.o
 .text.TM_SPI_ReadMulti16
                0x00000000       0x90 ..\obj\tm_stm32f4_spi.o
 .text          0x00000000        0x0 ..\obj\stm32f4xx_gpio.o
 .data          0x00000000        0x0 ..\obj\stm32f4xx_gpio.o
 .bss           0x00000000        0x0 ..\obj\stm32f4xx_gpio.o
 .text.GPIO_DeInit
                0x00000000      0x120 ..\obj\stm32f4xx_gpio.o
 .text.GPIO_StructInit
                0x00000000       0x34 ..\obj\stm32f4xx_gpio.o
 .text.GPIO_PinLockConfig
                0x00000000       0x44 ..\obj\stm32f4xx_gpio.o
 .text.GPIO_ReadInputDataBit
                0x00000000       0x34 ..\obj\stm32f4xx_gpio.o
 .text.GPIO_ReadInputData
                0x00000000       0x1c ..\obj\stm32f4xx_gpio.o
 .text.GPIO_ReadOutputDataBit
                0x00000000       0x34 ..\obj\stm32f4xx_gpio.o
 .text.GPIO_ReadOutputData
                0x00000000       0x1c ..\obj\stm32f4xx_gpio.o
 .text.GPIO_SetBits
                0x00000000       0x1c ..\obj\stm32f4xx_gpio.o
 .text.GPIO_ResetBits
                0x00000000       0x1c ..\obj\stm32f4xx_gpio.o
 .text.GPIO_Write
                0x00000000       0x1c ..\obj\stm32f4xx_gpio.o
 .text.GPIO_ToggleBits
                0x00000000       0x24 ..\obj\stm32f4xx_gpio.o
 .text.GPIO_PinAFConfig
                0x00000000       0x90 ..\obj\stm32f4xx_gpio.o
 .data          0x00000000        0x0 ..\obj\sh_cmd.o
 .bss           0x00000000        0x0 ..\obj\sh_cmd.o
 .text          0x00000000        0x0 ..\obj\system_stm32f4xx.o
 .bss           0x00000000        0x0 ..\obj\system_stm32f4xx.o
 .text.SystemCoreClockUpdate
                0x00000000       0xf8 ..\obj\system_stm32f4xx.o
 .text          0x00000000        0x0 ..\obj\syscalls.o
 .data          0x00000000        0x0 ..\obj\syscalls.o
 .bss           0x00000000        0x4 ..\obj\syscalls.o
 .text._sbrk    0x00000000       0x40 ..\obj\syscalls.o
 .text.link     0x00000000       0x1c ..\obj\syscalls.o
 .text._close   0x00000000       0x18 ..\obj\syscalls.o
 .text._fstat   0x00000000       0x20 ..\obj\syscalls.o
 .text._isatty  0x00000000       0x18 ..\obj\syscalls.o
 .text._lseek   0x00000000       0x1c ..\obj\syscalls.o
 .text._read    0x00000000       0x1c ..\obj\syscalls.o
 .text._write   0x00000000       0x1c ..\obj\syscalls.o
 .text.abort    0x00000000        0x8 ..\obj\syscalls.o
 .debug_info    0x00000000      0x3ee ..\obj\syscalls.o
 .debug_abbrev  0x00000000       0xe2 ..\obj\syscalls.o
 .debug_aranges
                0x00000000       0x60 ..\obj\syscalls.o
 .debug_ranges  0x00000000       0x50 ..\obj\syscalls.o
 .debug_line    0x00000000      0x171 ..\obj\syscalls.o
 .debug_str     0x00000000      0x2c3 ..\obj\syscalls.o
 .comment       0x00000000       0x71 ..\obj\syscalls.o
 .debug_frame   0x00000000      0x168 ..\obj\syscalls.o
 .ARM.attributes
                0x00000000       0x33 ..\obj\syscalls.o
 .text          0x00000000        0x0 ..\obj\ff.o
 .data          0x00000000        0x0 ..\obj\ff.o
 .text.mem_cpy  0x00000000       0x3c ..\obj\ff.o
 .text.mem_set  0x00000000       0x34 ..\obj\ff.o
 .text.mem_cmp  0x00000000       0x50 ..\obj\ff.o
 .text.chk_chr  0x00000000       0x38 ..\obj\ff.o
 .text.sync_fs  0x00000000      0x14c ..\obj\ff.o
 .text.clust2sect
                0x00000000       0x40 ..\obj\ff.o
 .text.get_fat  0x00000000      0x16c ..\obj\ff.o
 .text.put_fat  0x00000000      0x208 ..\obj\ff.o
 .text.remove_chain
                0x00000000       0xa4 ..\obj\ff.o
 .text.create_chain
                0x00000000      0x12c ..\obj\ff.o
 .text.dir_sdi  0x00000000      0x100 ..\obj\ff.o
 .text.dir_next
                0x00000000      0x1a8 ..\obj\ff.o
 .text.dir_alloc
                0x00000000       0x8c ..\obj\ff.o
 .text.ld_clust
                0x00000000       0x5c ..\obj\ff.o
 .text.st_clust
                0x00000000       0x4c ..\obj\ff.o
 .text.cmp_lfn  0x00000000       0xdc ..\obj\ff.o
 .text.pick_lfn
                0x00000000       0xcc ..\obj\ff.o
 .text.fit_lfn  0x00000000       0xe8 ..\obj\ff.o
 .text.gen_numname
                0x00000000      0x11c ..\obj\ff.o
 .text.sum_sfn  0x00000000       0x44 ..\obj\ff.o
 .text.dir_find
                0x00000000      0x160 ..\obj\ff.o
 .text.dir_read
                0x00000000      0x130 ..\obj\ff.o
 .text.dir_register
                0x00000000      0x200 ..\obj\ff.o
 .text.dir_remove
                0x00000000       0xa4 ..\obj\ff.o
 .text.get_fileinfo
                0x00000000      0x190 ..\obj\ff.o
 .text.get_achar
                0x00000000       0x4c ..\obj\ff.o
 .text.pattern_matching
                0x00000000       0xfc ..\obj\ff.o
 .text.create_name
                0x00000000      0x3f4 ..\obj\ff.o
 .text.follow_path
                0x00000000      0x100 ..\obj\ff.o
 .text.validate
                0x00000000       0x5c ..\obj\ff.o
 .text.f_open   0x00000000      0x2a4 ..\obj\ff.o
 .text.f_read   0x00000000      0x278 ..\obj\ff.o
 .text.f_write  0x00000000      0x2e0 ..\obj\ff.o
 .text.f_sync   0x00000000      0x158 ..\obj\ff.o
 .text.f_close  0x00000000       0x38 ..\obj\ff.o
 .text.f_chdrive
                0x00000000       0x34 ..\obj\ff.o
 .text.f_chdir  0x00000000       0xb8 ..\obj\ff.o
 .text.f_getcwd
                0x00000000      0x22c ..\obj\ff.o
 .text.f_lseek  0x00000000      0x270 ..\obj\ff.o
 .text.f_opendir
                0x00000000       0xdc ..\obj\ff.o
 .text.f_closedir
                0x00000000       0x28 ..\obj\ff.o
 .text.f_readdir
                0x00000000       0xa8 ..\obj\ff.o
 .text.f_findnext
                0x00000000       0x78 ..\obj\ff.o
 .text.f_findfirst
                0x00000000       0x3c ..\obj\ff.o
 .text.f_stat   0x00000000       0x94 ..\obj\ff.o
 .text.f_getfree
                0x00000000      0x188 ..\obj\ff.o
 .text.f_truncate
                0x00000000      0x150 ..\obj\ff.o
 .text.f_unlink
                0x00000000      0x1a0 ..\obj\ff.o
 .text.f_mkdir  0x00000000      0x280 ..\obj\ff.o
 .text.f_chmod  0x00000000       0xe8 ..\obj\ff.o
 .text.f_rename
                0x00000000      0x210 ..\obj\ff.o
 .text.f_utime  0x00000000       0xf0 ..\obj\ff.o
 .text.f_getlabel
                0x00000000      0x138 ..\obj\ff.o
 .text.f_setlabel
                0x00000000      0x290 ..\obj\ff.o
 .text.f_mkfs   0x00000000      0x960 ..\obj\ff.o
 .text.f_gets   0x00000000       0x78 ..\obj\ff.o
 .text.putc_bfd
                0x00000000       0x78 ..\obj\ff.o
 .text.f_putc   0x00000000       0x68 ..\obj\ff.o
 .text.f_puts   0x00000000       0x78 ..\obj\ff.o
 .text.f_printf
                0x00000000      0x430 ..\obj\ff.o
 .text          0x00000000        0x0 ..\obj\stm32f4xx_spi.o
 .data          0x00000000        0x0 ..\obj\stm32f4xx_spi.o
 .bss           0x00000000        0x0 ..\obj\stm32f4xx_spi.o
 .text.SPI_I2S_DeInit
                0x00000000       0x74 ..\obj\stm32f4xx_spi.o
 .text.I2S_Init
                0x00000000      0x1b4 ..\obj\stm32f4xx_spi.o
 .text.I2S_StructInit
                0x00000000       0x38 ..\obj\stm32f4xx_spi.o
 .text.SPI_Cmd  0x00000000       0x40 ..\obj\stm32f4xx_spi.o
 .text.I2S_Cmd  0x00000000       0x40 ..\obj\stm32f4xx_spi.o
 .text.SPI_DataSizeConfig
                0x00000000       0x38 ..\obj\stm32f4xx_spi.o
 .text.SPI_BiDirectionalLineConfig
                0x00000000       0x40 ..\obj\stm32f4xx_spi.o
 .text.SPI_NSSInternalSoftwareConfig
                0x00000000       0x44 ..\obj\stm32f4xx_spi.o
 .text.SPI_SSOutputCmd
                0x00000000       0x40 ..\obj\stm32f4xx_spi.o
 .text.SPI_TIModeCmd
                0x00000000       0x40 ..\obj\stm32f4xx_spi.o
 .text.I2S_FullDuplexConfig
                0x00000000       0x9c ..\obj\stm32f4xx_spi.o
 .text.SPI_I2S_ReceiveData
                0x00000000       0x1c ..\obj\stm32f4xx_spi.o
 .text.SPI_I2S_SendData
                0x00000000       0x1c ..\obj\stm32f4xx_spi.o
 .text.SPI_CalculateCRC
                0x00000000       0x40 ..\obj\stm32f4xx_spi.o
 .text.SPI_TransmitCRC
                0x00000000       0x24 ..\obj\stm32f4xx_spi.o
 .text.SPI_GetCRC
                0x00000000       0x34 ..\obj\stm32f4xx_spi.o
 .text.SPI_GetCRCPolynomial
                0x00000000       0x1c ..\obj\stm32f4xx_spi.o
 .text.SPI_I2S_DMACmd
                0x00000000       0x48 ..\obj\stm32f4xx_spi.o
 .text.SPI_I2S_ITConfig
                0x00000000       0x60 ..\obj\stm32f4xx_spi.o
 .text.SPI_I2S_GetFlagStatus
                0x00000000       0x38 ..\obj\stm32f4xx_spi.o
 .text.SPI_I2S_ClearFlag
                0x00000000       0x20 ..\obj\stm32f4xx_spi.o
 .text.SPI_I2S_GetITStatus
                0x00000000       0x78 ..\obj\stm32f4xx_spi.o
 .text.SPI_I2S_ClearITPendingBit
                0x00000000       0x34 ..\obj\stm32f4xx_spi.o
 .text          0x00000000        0x0 ..\obj\misc.o
 .data          0x00000000        0x0 ..\obj\misc.o
 .bss           0x00000000        0x0 ..\obj\misc.o
 .text.NVIC_PriorityGroupConfig
                0x00000000       0x24 ..\obj\misc.o
 .text.NVIC_Init
                0x00000000       0xc0 ..\obj\misc.o
 .text.NVIC_SetVectorTable
                0x00000000       0x2c ..\obj\misc.o
 .text.NVIC_SystemLPConfig
                0x00000000       0x40 ..\obj\misc.o
 .text.SysTick_CLKSourceConfig
                0x00000000       0x38 ..\obj\misc.o
 .debug_info    0x00000000      0x53d ..\obj\misc.o
 .debug_abbrev  0x00000000      0x145 ..\obj\misc.o
 .debug_aranges
                0x00000000       0x40 ..\obj\misc.o
 .debug_ranges  0x00000000       0x30 ..\obj\misc.o
 .debug_line    0x00000000      0x23d ..\obj\misc.o
 .debug_str     0x00000000      0x3c7 ..\obj\misc.o
 .comment       0x00000000       0x71 ..\obj\misc.o
 .debug_frame   0x00000000       0xd8 ..\obj\misc.o
 .ARM.attributes
                0x00000000       0x33 ..\obj\misc.o
 .text          0x00000000        0x0 ..\obj\tm_stm32f4_gpio.o
 .data          0x00000000        0x0 ..\obj\tm_stm32f4_gpio.o
 .text.TM_GPIO_DeInit
                0x00000000       0x80 ..\obj\tm_stm32f4_gpio.o
 .text.TM_GPIO_SetPinAsInput
                0x00000000       0x50 ..\obj\tm_stm32f4_gpio.o
 .text.TM_GPIO_SetPinAsOutput
                0x00000000       0x5c ..\obj\tm_stm32f4_gpio.o
 .text.TM_GPIO_SetPinAsAnalog
                0x00000000       0x4c ..\obj\tm_stm32f4_gpio.o
 .text.TM_GPIO_SetPinAsAlternate
                0x00000000       0x5c ..\obj\tm_stm32f4_gpio.o
 .text.TM_GPIO_SetPullResistor
                0x00000000       0x60 ..\obj\tm_stm32f4_gpio.o
 .text.TM_GPIO_Lock
                0x00000000       0x38 ..\obj\tm_stm32f4_gpio.o
 .text.TM_GPIO_GetPinSource
                0x00000000       0x30 ..\obj\tm_stm32f4_gpio.o
 .text.TM_GPIO_INT_DisableClock
                0x00000000       0x2c ..\obj\tm_stm32f4_gpio.o
 .text.TM_GPIO_GetUsedPins
                0x00000000       0x24 ..\obj\tm_stm32f4_gpio.o
 .text.TM_GPIO_GetFreePins
                0x00000000       0x28 ..\obj\tm_stm32f4_gpio.o
 .text          0x00000000        0x0 ..\obj\tm_stm32f4_timer_properties.o
 .data          0x00000000        0x0 ..\obj\tm_stm32f4_timer_properties.o
 .bss           0x00000000        0x0 ..\obj\tm_stm32f4_timer_properties.o
 .text.TM_TIMER_PROPERTIES_GetTimerProperties
                0x00000000      0x100 ..\obj\tm_stm32f4_timer_properties.o
 .text.TM_TIMER_PROPERTIES_GenerateDataForWorkingFrequency
                0x00000000      0x128 ..\obj\tm_stm32f4_timer_properties.o
 .text.TM_TIMER_PROPERTIES_EnableClock
                0x00000000      0x148 ..\obj\tm_stm32f4_timer_properties.o
 .text.TM_TIMER_PROPERTIES_DisableClock
                0x00000000      0x148 ..\obj\tm_stm32f4_timer_properties.o
 .debug_info    0x00000000      0x479 ..\obj\tm_stm32f4_timer_properties.o
 .debug_abbrev  0x00000000      0x107 ..\obj\tm_stm32f4_timer_properties.o
 .debug_aranges
                0x00000000       0x38 ..\obj\tm_stm32f4_timer_properties.o
 .debug_ranges  0x00000000       0x28 ..\obj\tm_stm32f4_timer_properties.o
 .debug_line    0x00000000      0x2cc ..\obj\tm_stm32f4_timer_properties.o
 .debug_str     0x00000000      0x4d1 ..\obj\tm_stm32f4_timer_properties.o
 .comment       0x00000000       0x71 ..\obj\tm_stm32f4_timer_properties.o
 .debug_frame   0x00000000       0xa0 ..\obj\tm_stm32f4_timer_properties.o
 .ARM.attributes
                0x00000000       0x33 ..\obj\tm_stm32f4_timer_properties.o
 .text          0x00000000        0x0 ..\obj\stm32f4xx_tim.o
 .data          0x00000000        0x0 ..\obj\stm32f4xx_tim.o
 .bss           0x00000000        0x0 ..\obj\stm32f4xx_tim.o
 .text.TIM_DeInit
                0x00000000      0x1bc ..\obj\stm32f4xx_tim.o
 .text.TIM_TimeBaseInit
                0x00000000       0xd4 ..\obj\stm32f4xx_tim.o
 .text.TIM_TimeBaseStructInit
                0x00000000       0x34 ..\obj\stm32f4xx_tim.o
 .text.TIM_PrescalerConfig
                0x00000000       0x28 ..\obj\stm32f4xx_tim.o
 .text.TIM_CounterModeConfig
                0x00000000       0x38 ..\obj\stm32f4xx_tim.o
 .text.TIM_SetCounter
                0x00000000       0x1c ..\obj\stm32f4xx_tim.o
 .text.TIM_SetAutoreload
                0x00000000       0x1c ..\obj\stm32f4xx_tim.o
 .text.TIM_GetCounter
                0x00000000       0x18 ..\obj\stm32f4xx_tim.o
 .text.TIM_GetPrescaler
                0x00000000       0x1c ..\obj\stm32f4xx_tim.o
 .text.TIM_UpdateDisableConfig
                0x00000000       0x40 ..\obj\stm32f4xx_tim.o
 .text.TIM_UpdateRequestConfig
                0x00000000       0x40 ..\obj\stm32f4xx_tim.o
 .text.TIM_ARRPreloadConfig
                0x00000000       0x40 ..\obj\stm32f4xx_tim.o
 .text.TIM_SelectOnePulseMode
                0x00000000       0x38 ..\obj\stm32f4xx_tim.o
 .text.TIM_SetClockDivision
                0x00000000       0x38 ..\obj\stm32f4xx_tim.o
 .text.TIM_Cmd  0x00000000       0x40 ..\obj\stm32f4xx_tim.o
 .text.TIM_OC1Init
                0x00000000       0xf4 ..\obj\stm32f4xx_tim.o
 .text.TIM_OC2Init
                0x00000000      0x110 ..\obj\stm32f4xx_tim.o
 .text.TIM_OC3Init
                0x00000000      0x10c ..\obj\stm32f4xx_tim.o
 .text.TIM_OC4Init
                0x00000000       0xcc ..\obj\stm32f4xx_tim.o
 .text.TIM_OCStructInit
                0x00000000       0x44 ..\obj\stm32f4xx_tim.o
 .text.TIM_SelectOCxM
                0x00000000       0xb0 ..\obj\stm32f4xx_tim.o
 .text.TIM_SetCompare1
                0x00000000       0x1c ..\obj\stm32f4xx_tim.o
 .text.TIM_SetCompare2
                0x00000000       0x1c ..\obj\stm32f4xx_tim.o
 .text.TIM_SetCompare3
                0x00000000       0x1c ..\obj\stm32f4xx_tim.o
 .text.TIM_SetCompare4
                0x00000000       0x1c ..\obj\stm32f4xx_tim.o
 .text.TIM_ForcedOC1Config
                0x00000000       0x38 ..\obj\stm32f4xx_tim.o
 .text.TIM_ForcedOC2Config
                0x00000000       0x3c ..\obj\stm32f4xx_tim.o
 .text.TIM_ForcedOC3Config
                0x00000000       0x38 ..\obj\stm32f4xx_tim.o
 .text.TIM_ForcedOC4Config
                0x00000000       0x3c ..\obj\stm32f4xx_tim.o
 .text.TIM_OC1PreloadConfig
                0x00000000       0x38 ..\obj\stm32f4xx_tim.o
 .text.TIM_OC2PreloadConfig
                0x00000000       0x3c ..\obj\stm32f4xx_tim.o
 .text.TIM_OC3PreloadConfig
                0x00000000       0x38 ..\obj\stm32f4xx_tim.o
 .text.TIM_OC4PreloadConfig
                0x00000000       0x3c ..\obj\stm32f4xx_tim.o
 .text.TIM_OC1FastConfig
                0x00000000       0x38 ..\obj\stm32f4xx_tim.o
 .text.TIM_OC2FastConfig
                0x00000000       0x3c ..\obj\stm32f4xx_tim.o
 .text.TIM_OC3FastConfig
                0x00000000       0x38 ..\obj\stm32f4xx_tim.o
 .text.TIM_OC4FastConfig
                0x00000000       0x3c ..\obj\stm32f4xx_tim.o
 .text.TIM_ClearOC1Ref
                0x00000000       0x38 ..\obj\stm32f4xx_tim.o
 .text.TIM_ClearOC2Ref
                0x00000000       0x3c ..\obj\stm32f4xx_tim.o
 .text.TIM_ClearOC3Ref
                0x00000000       0x38 ..\obj\stm32f4xx_tim.o
 .text.TIM_ClearOC4Ref
                0x00000000       0x3c ..\obj\stm32f4xx_tim.o
 .text.TIM_OC1PolarityConfig
                0x00000000       0x38 ..\obj\stm32f4xx_tim.o
 .text.TIM_OC1NPolarityConfig
                0x00000000       0x38 ..\obj\stm32f4xx_tim.o
 .text.TIM_OC2PolarityConfig
                0x00000000       0x3c ..\obj\stm32f4xx_tim.o
 .text.TIM_OC2NPolarityConfig
                0x00000000       0x3c ..\obj\stm32f4xx_tim.o
 .text.TIM_OC3PolarityConfig
                0x00000000       0x3c ..\obj\stm32f4xx_tim.o
 .text.TIM_OC3NPolarityConfig
                0x00000000       0x3c ..\obj\stm32f4xx_tim.o
 .text.TIM_OC4PolarityConfig
                0x00000000       0x3c ..\obj\stm32f4xx_tim.o
 .text.TIM_CCxCmd
                0x00000000       0x54 ..\obj\stm32f4xx_tim.o
 .text.TIM_CCxNCmd
                0x00000000       0x54 ..\obj\stm32f4xx_tim.o
 .text.TIM_ICInit
                0x00000000       0xa8 ..\obj\stm32f4xx_tim.o
 .text.TIM_ICStructInit
                0x00000000       0x30 ..\obj\stm32f4xx_tim.o
 .text.TIM_PWMIConfig
                0x00000000       0xb8 ..\obj\stm32f4xx_tim.o
 .text.TIM_GetCapture1
                0x00000000       0x18 ..\obj\stm32f4xx_tim.o
 .text.TIM_GetCapture2
                0x00000000       0x18 ..\obj\stm32f4xx_tim.o
 .text.TIM_GetCapture3
                0x00000000       0x18 ..\obj\stm32f4xx_tim.o
 .text.TIM_GetCapture4
                0x00000000       0x18 ..\obj\stm32f4xx_tim.o
 .text.TIM_SetIC1Prescaler
                0x00000000       0x38 ..\obj\stm32f4xx_tim.o
 .text.TIM_SetIC2Prescaler
                0x00000000       0x3c ..\obj\stm32f4xx_tim.o
 .text.TIM_SetIC3Prescaler
                0x00000000       0x38 ..\obj\stm32f4xx_tim.o
 .text.TIM_SetIC4Prescaler
                0x00000000       0x3c ..\obj\stm32f4xx_tim.o
 .text.TIM_BDTRConfig
                0x00000000       0x50 ..\obj\stm32f4xx_tim.o
 .text.TIM_BDTRStructInit
                0x00000000       0x3c ..\obj\stm32f4xx_tim.o
 .text.TIM_CtrlPWMOutputs
                0x00000000       0x4c ..\obj\stm32f4xx_tim.o
 .text.TIM_SelectCOM
                0x00000000       0x40 ..\obj\stm32f4xx_tim.o
 .text.TIM_CCPreloadControl
                0x00000000       0x40 ..\obj\stm32f4xx_tim.o
 .text.TIM_ITConfig
                0x00000000       0x48 ..\obj\stm32f4xx_tim.o
 .text.TIM_GenerateEvent
                0x00000000       0x1c ..\obj\stm32f4xx_tim.o
 .text.TIM_GetFlagStatus
                0x00000000       0x38 ..\obj\stm32f4xx_tim.o
 .text.TIM_ClearFlag
                0x00000000       0x20 ..\obj\stm32f4xx_tim.o
 .text.TIM_GetITStatus
                0x00000000       0x54 ..\obj\stm32f4xx_tim.o
 .text.TIM_ClearITPendingBit
                0x00000000       0x20 ..\obj\stm32f4xx_tim.o
 .text.TIM_DMAConfig
                0x00000000       0x28 ..\obj\stm32f4xx_tim.o
 .text.TIM_DMACmd
                0x00000000       0x48 ..\obj\stm32f4xx_tim.o
 .text.TIM_SelectCCDMA
                0x00000000       0x40 ..\obj\stm32f4xx_tim.o
 .text.TIM_InternalClockConfig
                0x00000000       0x24 ..\obj\stm32f4xx_tim.o
 .text.TIM_ITRxExternalClockConfig
                0x00000000       0x2c ..\obj\stm32f4xx_tim.o
 .text.TIM_TIxExternalClockConfig
                0x00000000       0x60 ..\obj\stm32f4xx_tim.o
 .text.TIM_ETRClockMode1Config
                0x00000000       0x5c ..\obj\stm32f4xx_tim.o
 .text.TIM_ETRClockMode2Config
                0x00000000       0x3c ..\obj\stm32f4xx_tim.o
 .text.TIM_SelectInputTrigger
                0x00000000       0x38 ..\obj\stm32f4xx_tim.o
 .text.TIM_SelectOutputTrigger
                0x00000000       0x38 ..\obj\stm32f4xx_tim.o
 .text.TIM_SelectSlaveMode
                0x00000000       0x38 ..\obj\stm32f4xx_tim.o
 .text.TIM_SelectMasterSlaveMode
                0x00000000       0x38 ..\obj\stm32f4xx_tim.o
 .text.TIM_ETRConfig
                0x00000000       0x54 ..\obj\stm32f4xx_tim.o
 .text.TIM_EncoderInterfaceConfig
                0x00000000       0x98 ..\obj\stm32f4xx_tim.o
 .text.TIM_SelectHallSensor
                0x00000000       0x40 ..\obj\stm32f4xx_tim.o
 .text.TIM_RemapConfig
                0x00000000       0x20 ..\obj\stm32f4xx_tim.o
 .text.TI1_Config
                0x00000000       0x84 ..\obj\stm32f4xx_tim.o
 .text.TI2_Config
                0x00000000       0x98 ..\obj\stm32f4xx_tim.o
 .text.TI3_Config
                0x00000000       0x90 ..\obj\stm32f4xx_tim.o
 .text.TI4_Config
                0x00000000       0x9c ..\obj\stm32f4xx_tim.o
 .debug_info    0x00000000     0x1c61 ..\obj\stm32f4xx_tim.o
 .debug_abbrev  0x00000000      0x187 ..\obj\stm32f4xx_tim.o
 .debug_aranges
                0x00000000      0x2f8 ..\obj\stm32f4xx_tim.o
 .debug_ranges  0x00000000      0x2e8 ..\obj\stm32f4xx_tim.o
 .debug_line    0x00000000      0xa62 ..\obj\stm32f4xx_tim.o
 .debug_str     0x00000000      0xdc9 ..\obj\stm32f4xx_tim.o
 .comment       0x00000000       0x71 ..\obj\stm32f4xx_tim.o
 .debug_frame   0x00000000      0xe54 ..\obj\stm32f4xx_tim.o
 .ARM.attributes
                0x00000000       0x33 ..\obj\stm32f4xx_tim.o
 .text          0x00000000      0x370 c:/program files (x86)/gnu tools arm embedded/4.9 2015q3/bin/../lib/gcc/arm-none-eabi/4.9.3/armv7e-m\libgcc.a(_arm_addsubdf3.o)
 .data          0x00000000        0x0 c:/program files (x86)/gnu tools arm embedded/4.9 2015q3/bin/../lib/gcc/arm-none-eabi/4.9.3/armv7e-m\libgcc.a(_arm_addsubdf3.o)
 .bss           0x00000000        0x0 c:/program files (x86)/gnu tools arm embedded/4.9 2015q3/bin/../lib/gcc/arm-none-eabi/4.9.3/armv7e-m\libgcc.a(_arm_addsubdf3.o)
 .ARM.attributes
                0x00000000       0x1e c:/program files (x86)/gnu tools arm embedded/4.9 2015q3/bin/../lib/gcc/arm-none-eabi/4.9.3/armv7e-m\libgcc.a(_arm_addsubdf3.o)
 .text          0x00000000      0x424 c:/program files (x86)/gnu tools arm embedded/4.9 2015q3/bin/../lib/gcc/arm-none-eabi/4.9.3/armv7e-m\libgcc.a(_arm_muldivdf3.o)
 .data          0x00000000        0x0 c:/program files (x86)/gnu tools arm embedded/4.9 2015q3/bin/../lib/gcc/arm-none-eabi/4.9.3/armv7e-m\libgcc.a(_arm_muldivdf3.o)
 .bss           0x00000000        0x0 c:/program files (x86)/gnu tools arm embedded/4.9 2015q3/bin/../lib/gcc/arm-none-eabi/4.9.3/armv7e-m\libgcc.a(_arm_muldivdf3.o)
 .ARM.attributes
                0x00000000       0x1e c:/program files (x86)/gnu tools arm embedded/4.9 2015q3/bin/../lib/gcc/arm-none-eabi/4.9.3/armv7e-m\libgcc.a(_arm_muldivdf3.o)
 .text          0x00000000      0x110 c:/program files (x86)/gnu tools arm embedded/4.9 2015q3/bin/../lib/gcc/arm-none-eabi/4.9.3/armv7e-m\libgcc.a(_arm_cmpdf2.o)
 .data          0x00000000        0x0 c:/program files (x86)/gnu tools arm embedded/4.9 2015q3/bin/../lib/gcc/arm-none-eabi/4.9.3/armv7e-m\libgcc.a(_arm_cmpdf2.o)
 .bss           0x00000000        0x0 c:/program files (x86)/gnu tools arm embedded/4.9 2015q3/bin/../lib/gcc/arm-none-eabi/4.9.3/armv7e-m\libgcc.a(_arm_cmpdf2.o)
 .ARM.attributes
                0x00000000       0x1e c:/program files (x86)/gnu tools arm embedded/4.9 2015q3/bin/../lib/gcc/arm-none-eabi/4.9.3/armv7e-m\libgcc.a(_arm_cmpdf2.o)
 .text          0x00000000       0x40 c:/program files (x86)/gnu tools arm embedded/4.9 2015q3/bin/../lib/gcc/arm-none-eabi/4.9.3/armv7e-m\libgcc.a(_arm_fixunsdfsi.o)
 .data          0x00000000        0x0 c:/program files (x86)/gnu tools arm embedded/4.9 2015q3/bin/../lib/gcc/arm-none-eabi/4.9.3/armv7e-m\libgcc.a(_arm_fixunsdfsi.o)
 .bss           0x00000000        0x0 c:/program files (x86)/gnu tools arm embedded/4.9 2015q3/bin/../lib/gcc/arm-none-eabi/4.9.3/armv7e-m\libgcc.a(_arm_fixunsdfsi.o)
 .ARM.attributes
                0x00000000       0x1e c:/program files (x86)/gnu tools arm embedded/4.9 2015q3/bin/../lib/gcc/arm-none-eabi/4.9.3/armv7e-m\libgcc.a(_arm_fixunsdfsi.o)
 .text          0x00000000        0x0 c:/program files (x86)/gnu tools arm embedded/4.9 2015q3/bin/../lib/gcc/arm-none-eabi/4.9.3/../../../../arm-none-eabi/lib/armv7e-m\libg.a(lib_a-malloc.o)
 .data          0x00000000        0x0 c:/program files (x86)/gnu tools arm embedded/4.9 2015q3/bin/../lib/gcc/arm-none-eabi/4.9.3/../../../../arm-none-eabi/lib/armv7e-m\libg.a(lib_a-malloc.o)
 .bss           0x00000000        0x0 c:/program files (x86)/gnu tools arm embedded/4.9 2015q3/bin/../lib/gcc/arm-none-eabi/4.9.3/../../../../arm-none-eabi/lib/armv7e-m\libg.a(lib_a-malloc.o)
 .text.malloc   0x00000000       0x10 c:/program files (x86)/gnu tools arm embedded/4.9 2015q3/bin/../lib/gcc/arm-none-eabi/4.9.3/../../../../arm-none-eabi/lib/armv7e-m\libg.a(lib_a-malloc.o)
 .text.free     0x00000000       0x10 c:/program files (x86)/gnu tools arm embedded/4.9 2015q3/bin/../lib/gcc/arm-none-eabi/4.9.3/../../../../arm-none-eabi/lib/armv7e-m\libg.a(lib_a-malloc.o)
 .debug_frame   0x00000000       0x30 c:/program files (x86)/gnu tools arm embedded/4.9 2015q3/bin/../lib/gcc/arm-none-eabi/4.9.3/../../../../arm-none-eabi/lib/armv7e-m\libg.a(lib_a-malloc.o)
 .ARM.attributes
                0x00000000       0x2e c:/program files (x86)/gnu tools arm embedded/4.9 2015q3/bin/../lib/gcc/arm-none-eabi/4.9.3/../../../../arm-none-eabi/lib/armv7e-m\libg.a(lib_a-malloc.o)
 .text          0x00000000        0x0 c:/program files (x86)/gnu tools arm embedded/4.9 2015q3/bin/../lib/gcc/arm-none-eabi/4.9.3/../../../../arm-none-eabi/lib/armv7e-m\libg.a(lib_a-mallocr.o)
 .data          0x00000000        0x0 c:/program files (x86)/gnu tools arm embedded/4.9 2015q3/bin/../lib/gcc/arm-none-eabi/4.9.3/../../../../arm-none-eabi/lib/armv7e-m\libg.a(lib_a-mallocr.o)
 .bss           0x00000000        0x0 c:/program files (x86)/gnu tools arm embedded/4.9 2015q3/bin/../lib/gcc/arm-none-eabi/4.9.3/../../../../arm-none-eabi/lib/armv7e-m\libg.a(lib_a-mallocr.o)
 .text._malloc_r
                0x00000000      0x524 c:/program files (x86)/gnu tools arm embedded/4.9 2015q3/bin/../lib/gcc/arm-none-eabi/4.9.3/../../../../arm-none-eabi/lib/armv7e-m\libg.a(lib_a-mallocr.o)
 .data.__malloc_av_
                0x00000000      0x408 c:/program files (x86)/gnu tools arm embedded/4.9 2015q3/bin/../lib/gcc/arm-none-eabi/4.9.3/../../../../arm-none-eabi/lib/armv7e-m\libg.a(lib_a-mallocr.o)
 .data.__malloc_trim_threshold
                0x00000000        0x4 c:/program files (x86)/gnu tools arm embedded/4.9 2015q3/bin/../lib/gcc/arm-none-eabi/4.9.3/../../../../arm-none-eabi/lib/armv7e-m\libg.a(lib_a-mallocr.o)
 .bss.__malloc_max_total_mem
                0x00000000        0x4 c:/program files (x86)/gnu tools arm embedded/4.9 2015q3/bin/../lib/gcc/arm-none-eabi/4.9.3/../../../../arm-none-eabi/lib/armv7e-m\libg.a(lib_a-mallocr.o)
 .bss.__malloc_max_sbrked_mem
                0x00000000        0x4 c:/program files (x86)/gnu tools arm embedded/4.9 2015q3/bin/../lib/gcc/arm-none-eabi/4.9.3/../../../../arm-none-eabi/lib/armv7e-m\libg.a(lib_a-mallocr.o)
 .bss.__malloc_top_pad
                0x00000000        0x4 c:/program files (x86)/gnu tools arm embedded/4.9 2015q3/bin/../lib/gcc/arm-none-eabi/4.9.3/../../../../arm-none-eabi/lib/armv7e-m\libg.a(lib_a-mallocr.o)
 .bss.__malloc_current_mallinfo
                0x00000000       0x28 c:/program files (x86)/gnu tools arm embedded/4.9 2015q3/bin/../lib/gcc/arm-none-eabi/4.9.3/../../../../arm-none-eabi/lib/armv7e-m\libg.a(lib_a-mallocr.o)
 .data.__malloc_sbrk_base
                0x00000000        0x4 c:/program files (x86)/gnu tools arm embedded/4.9 2015q3/bin/../lib/gcc/arm-none-eabi/4.9.3/../../../../arm-none-eabi/lib/armv7e-m\libg.a(lib_a-mallocr.o)
 .debug_frame   0x00000000       0x58 c:/program files (x86)/gnu tools arm embedded/4.9 2015q3/bin/../lib/gcc/arm-none-eabi/4.9.3/../../../../arm-none-eabi/lib/armv7e-m\libg.a(lib_a-mallocr.o)
 .ARM.attributes
                0x00000000       0x2e c:/program files (x86)/gnu tools arm embedded/4.9 2015q3/bin/../lib/gcc/arm-none-eabi/4.9.3/../../../../arm-none-eabi/lib/armv7e-m\libg.a(lib_a-mallocr.o)
 .text          0x00000000        0x0 c:/program files (x86)/gnu tools arm embedded/4.9 2015q3/bin/../lib/gcc/arm-none-eabi/4.9.3/../../../../arm-none-eabi/lib/armv7e-m\libg.a(lib_a-mlock.o)
 .data          0x00000000        0x0 c:/program files (x86)/gnu tools arm embedded/4.9 2015q3/bin/../lib/gcc/arm-none-eabi/4.9.3/../../../../arm-none-eabi/lib/armv7e-m\libg.a(lib_a-mlock.o)
 .bss           0x00000000        0x0 c:/program files (x86)/gnu tools arm embedded/4.9 2015q3/bin/../lib/gcc/arm-none-eabi/4.9.3/../../../../arm-none-eabi/lib/armv7e-m\libg.a(lib_a-mlock.o)
 .text.__malloc_lock
                0x00000000        0x4 c:/program files (x86)/gnu tools arm embedded/4.9 2015q3/bin/../lib/gcc/arm-none-eabi/4.9.3/../../../../arm-none-eabi/lib/armv7e-m\libg.a(lib_a-mlock.o)
 .text.__malloc_unlock
                0x00000000        0x4 c:/program files (x86)/gnu tools arm embedded/4.9 2015q3/bin/../lib/gcc/arm-none-eabi/4.9.3/../../../../arm-none-eabi/lib/armv7e-m\libg.a(lib_a-mlock.o)
 .debug_frame   0x00000000       0x30 c:/program files (x86)/gnu tools arm embedded/4.9 2015q3/bin/../lib/gcc/arm-none-eabi/4.9.3/../../../../arm-none-eabi/lib/armv7e-m\libg.a(lib_a-mlock.o)
 .ARM.attributes
                0x00000000       0x2e c:/program files (x86)/gnu tools arm embedded/4.9 2015q3/bin/../lib/gcc/arm-none-eabi/4.9.3/../../../../arm-none-eabi/lib/armv7e-m\libg.a(lib_a-mlock.o)
 .text          0x00000000        0x0 c:/program files (x86)/gnu tools arm embedded/4.9 2015q3/bin/../lib/gcc/arm-none-eabi/4.9.3/../../../../arm-none-eabi/lib/armv7e-m\libg.a(lib_a-sbrkr.o)
 .data          0x00000000        0x0 c:/program files (x86)/gnu tools arm embedded/4.9 2015q3/bin/../lib/gcc/arm-none-eabi/4.9.3/../../../../arm-none-eabi/lib/armv7e-m\libg.a(lib_a-sbrkr.o)
 .bss           0x00000000        0x0 c:/program files (x86)/gnu tools arm embedded/4.9 2015q3/bin/../lib/gcc/arm-none-eabi/4.9.3/../../../../arm-none-eabi/lib/armv7e-m\libg.a(lib_a-sbrkr.o)
 .text._sbrk_r  0x00000000       0x24 c:/program files (x86)/gnu tools arm embedded/4.9 2015q3/bin/../lib/gcc/arm-none-eabi/4.9.3/../../../../arm-none-eabi/lib/armv7e-m\libg.a(lib_a-sbrkr.o)
 .debug_frame   0x00000000       0x2c c:/program files (x86)/gnu tools arm embedded/4.9 2015q3/bin/../lib/gcc/arm-none-eabi/4.9.3/../../../../arm-none-eabi/lib/armv7e-m\libg.a(lib_a-sbrkr.o)
 .ARM.attributes
                0x00000000       0x2e c:/program files (x86)/gnu tools arm embedded/4.9 2015q3/bin/../lib/gcc/arm-none-eabi/4.9.3/../../../../arm-none-eabi/lib/armv7e-m\libg.a(lib_a-sbrkr.o)
 .text          0x00000000        0x0 c:/program files (x86)/gnu tools arm embedded/4.9 2015q3/bin/../lib/gcc/arm-none-eabi/4.9.3/../../../../arm-none-eabi/lib/armv7e-m\libg.a(lib_a-strcpy.o)
 .data          0x00000000        0x0 c:/program files (x86)/gnu tools arm embedded/4.9 2015q3/bin/../lib/gcc/arm-none-eabi/4.9.3/../../../../arm-none-eabi/lib/armv7e-m\libg.a(lib_a-strcpy.o)
 .bss           0x00000000        0x0 c:/program files (x86)/gnu tools arm embedded/4.9 2015q3/bin/../lib/gcc/arm-none-eabi/4.9.3/../../../../arm-none-eabi/lib/armv7e-m\libg.a(lib_a-strcpy.o)
 .text.strcpy   0x00000000       0xbc c:/program files (x86)/gnu tools arm embedded/4.9 2015q3/bin/../lib/gcc/arm-none-eabi/4.9.3/../../../../arm-none-eabi/lib/armv7e-m\libg.a(lib_a-strcpy.o)
 .debug_frame   0x00000000       0x20 c:/program files (x86)/gnu tools arm embedded/4.9 2015q3/bin/../lib/gcc/arm-none-eabi/4.9.3/../../../../arm-none-eabi/lib/armv7e-m\libg.a(lib_a-strcpy.o)
 .ARM.attributes
                0x00000000       0x2e c:/program files (x86)/gnu tools arm embedded/4.9 2015q3/bin/../lib/gcc/arm-none-eabi/4.9.3/../../../../arm-none-eabi/lib/armv7e-m\libg.a(lib_a-strcpy.o)
 .text          0x00000000        0x0 c:/program files (x86)/gnu tools arm embedded/4.9 2015q3/bin/../lib/gcc/arm-none-eabi/4.9.3/../../../../arm-none-eabi/lib/armv7e-m\libg.a(lib_a-strlen.o)
 .data          0x00000000        0x0 c:/program files (x86)/gnu tools arm embedded/4.9 2015q3/bin/../lib/gcc/arm-none-eabi/4.9.3/../../../../arm-none-eabi/lib/armv7e-m\libg.a(lib_a-strlen.o)
 .bss           0x00000000        0x0 c:/program files (x86)/gnu tools arm embedded/4.9 2015q3/bin/../lib/gcc/arm-none-eabi/4.9.3/../../../../arm-none-eabi/lib/armv7e-m\libg.a(lib_a-strlen.o)
 .text.strlen   0x00000000       0x5c c:/program files (x86)/gnu tools arm embedded/4.9 2015q3/bin/../lib/gcc/arm-none-eabi/4.9.3/../../../../arm-none-eabi/lib/armv7e-m\libg.a(lib_a-strlen.o)
 .debug_frame   0x00000000       0x20 c:/program files (x86)/gnu tools arm embedded/4.9 2015q3/bin/../lib/gcc/arm-none-eabi/4.9.3/../../../../arm-none-eabi/lib/armv7e-m\libg.a(lib_a-strlen.o)
 .ARM.attributes
                0x00000000       0x2e c:/program files (x86)/gnu tools arm embedded/4.9 2015q3/bin/../lib/gcc/arm-none-eabi/4.9.3/../../../../arm-none-eabi/lib/armv7e-m\libg.a(lib_a-strlen.o)
 .text          0x00000000        0x0 c:/program files (x86)/gnu tools arm embedded/4.9 2015q3/bin/../lib/gcc/arm-none-eabi/4.9.3/../../../../arm-none-eabi/lib/armv7e-m\libg.a(lib_a-freer.o)
 .data          0x00000000        0x0 c:/program files (x86)/gnu tools arm embedded/4.9 2015q3/bin/../lib/gcc/arm-none-eabi/4.9.3/../../../../arm-none-eabi/lib/armv7e-m\libg.a(lib_a-freer.o)
 .bss           0x00000000        0x0 c:/program files (x86)/gnu tools arm embedded/4.9 2015q3/bin/../lib/gcc/arm-none-eabi/4.9.3/../../../../arm-none-eabi/lib/armv7e-m\libg.a(lib_a-freer.o)
 .text._malloc_trim_r
                0x00000000       0x9c c:/program files (x86)/gnu tools arm embedded/4.9 2015q3/bin/../lib/gcc/arm-none-eabi/4.9.3/../../../../arm-none-eabi/lib/armv7e-m\libg.a(lib_a-freer.o)
 .text._free_r  0x00000000      0x1b0 c:/program files (x86)/gnu tools arm embedded/4.9 2015q3/bin/../lib/gcc/arm-none-eabi/4.9.3/../../../../arm-none-eabi/lib/armv7e-m\libg.a(lib_a-freer.o)
 .debug_frame   0x00000000       0x74 c:/program files (x86)/gnu tools arm embedded/4.9 2015q3/bin/../lib/gcc/arm-none-eabi/4.9.3/../../../../arm-none-eabi/lib/armv7e-m\libg.a(lib_a-freer.o)
 .ARM.attributes
                0x00000000       0x2e c:/program files (x86)/gnu tools arm embedded/4.9 2015q3/bin/../lib/gcc/arm-none-eabi/4.9.3/../../../../arm-none-eabi/lib/armv7e-m\libg.a(lib_a-freer.o)
 .text          0x00000000        0x0 c:/program files (x86)/gnu tools arm embedded/4.9 2015q3/bin/../lib/gcc/arm-none-eabi/4.9.3/../../../../arm-none-eabi/lib/armv7e-m\libg.a(lib_a-reent.o)
 .data          0x00000000        0x0 c:/program files (x86)/gnu tools arm embedded/4.9 2015q3/bin/../lib/gcc/arm-none-eabi/4.9.3/../../../../arm-none-eabi/lib/armv7e-m\libg.a(lib_a-reent.o)
 .bss           0x00000000        0x0 c:/program files (x86)/gnu tools arm embedded/4.9 2015q3/bin/../lib/gcc/arm-none-eabi/4.9.3/../../../../arm-none-eabi/lib/armv7e-m\libg.a(lib_a-reent.o)
 .text.cleanup_glue
                0x00000000       0x1c c:/program files (x86)/gnu tools arm embedded/4.9 2015q3/bin/../lib/gcc/arm-none-eabi/4.9.3/../../../../arm-none-eabi/lib/armv7e-m\libg.a(lib_a-reent.o)
 .text._reclaim_reent
                0x00000000       0x88 c:/program files (x86)/gnu tools arm embedded/4.9 2015q3/bin/../lib/gcc/arm-none-eabi/4.9.3/../../../../arm-none-eabi/lib/armv7e-m\libg.a(lib_a-reent.o)
 .debug_frame   0x00000000       0x58 c:/program files (x86)/gnu tools arm embedded/4.9 2015q3/bin/../lib/gcc/arm-none-eabi/4.9.3/../../../../arm-none-eabi/lib/armv7e-m\libg.a(lib_a-reent.o)
 .ARM.attributes
                0x00000000       0x2e c:/program files (x86)/gnu tools arm embedded/4.9 2015q3/bin/../lib/gcc/arm-none-eabi/4.9.3/../../../../arm-none-eabi/lib/armv7e-m\libg.a(lib_a-reent.o)
 COMMON         0x00000000        0x4 c:/program files (x86)/gnu tools arm embedded/4.9 2015q3/bin/../lib/gcc/arm-none-eabi/4.9.3/../../../../arm-none-eabi/lib/armv7e-m\libg.a(lib_a-reent.o)

Memory Configuration

Name             Origin             Length             Attributes
rom              0x08000000         0x00040000         xr
ram              0x20000000         0x00010000         xrw
*default*        0x00000000         0xffffffff

Linker script and memory map

                0x20010000                _eram = 0x20010000

.text           0x08000000     0x26fa
 *(.isr_vector)
 .isr_vector    0x08000000      0x188 ..\obj\startup_stm32f4xx.o
                0x08000000                g_pfnVectors
 *(.text*)
 .text.disk_initialize
                0x08000188       0x44 ..\obj\diskio.o
                0x08000188                disk_initialize
 .text.disk_status
                0x080001cc       0x44 ..\obj\diskio.o
                0x080001cc                disk_status
 .text.disk_read
                0x08000210       0x5c ..\obj\diskio.o
                0x08000210                disk_read
 .text.disk_write
                0x0800026c       0x5c ..\obj\diskio.o
                0x0800026c                disk_write
 .text.TM_FATFS_USB_disk_initialize
                0x080002c8       0x10 ..\obj\diskio.o
                0x080002c8                TM_FATFS_USB_disk_initialize
 .text.TM_FATFS_SDRAM_disk_initialize
                0x080002d8       0x10 ..\obj\diskio.o
                0x080002d8                TM_FATFS_SDRAM_disk_initialize
 .text.TM_FATFS_USB_disk_status
                0x080002e8       0x10 ..\obj\diskio.o
                0x080002e8                TM_FATFS_USB_disk_status
 .text.TM_FATFS_SDRAM_disk_status
                0x080002f8       0x10 ..\obj\diskio.o
                0x080002f8                TM_FATFS_SDRAM_disk_status
 .text.TM_FATFS_USB_disk_ioctl
                0x08000308       0x1c ..\obj\diskio.o
                0x08000308                TM_FATFS_USB_disk_ioctl
 .text.TM_FATFS_SDRAM_disk_ioctl
                0x08000324       0x1c ..\obj\diskio.o
                0x08000324                TM_FATFS_SDRAM_disk_ioctl
 .text.TM_FATFS_USB_disk_read
                0x08000340       0x1c ..\obj\diskio.o
                0x08000340                TM_FATFS_USB_disk_read
 .text.TM_FATFS_SDRAM_disk_read
                0x0800035c       0x1c ..\obj\diskio.o
                0x0800035c                TM_FATFS_SDRAM_disk_read
 .text.TM_FATFS_USB_disk_write
                0x08000378       0x1c ..\obj\diskio.o
                0x08000378                TM_FATFS_USB_disk_write
 .text.TM_FATFS_SDRAM_disk_write
                0x08000394       0x1c ..\obj\diskio.o
                0x08000394                TM_FATFS_SDRAM_disk_write
 .text.Default_Reset_Handler
                0x080003b0       0x58 ..\obj\startup_stm32f4xx.o
                0x080003b0                Default_Reset_Handler
                0x080003b0                Reset_Handler
 .text.Default_Handler
                0x08000408        0x8 ..\obj\startup_stm32f4xx.o
                0x08000408                RTC_Alarm_IRQHandler
                0x08000408                HASH_RNG_IRQHandler
                0x08000408                EXTI2_IRQHandler
                0x08000408                TIM8_CC_IRQHandler
                0x08000408                DebugMon_Handler
                0x08000408                TIM1_CC_IRQHandler
                0x08000408                DMA2_Stream5_IRQHandler
                0x08000408                DMA1_Stream5_IRQHandler
                0x08000408                PVD_IRQHandler
                0x08000408                SDIO_IRQHandler
                0x08000408                TAMP_STAMP_IRQHandler
                0x08000408                PendSV_Handler
                0x08000408                NMI_Handler
                0x08000408                CAN2_RX1_IRQHandler
                0x08000408                EXTI3_IRQHandler
                0x08000408                TIM8_TRG_COM_TIM14_IRQHandler
                0x08000408                TIM1_UP_TIM10_IRQHandler
                0x08000408                TIM8_UP_TIM13_IRQHandler
                0x08000408                I2C3_ER_IRQHandler
                0x08000408                EXTI0_IRQHandler
                0x08000408                I2C2_EV_IRQHandler
                0x08000408                DMA1_Stream2_IRQHandler
                0x08000408                CAN1_RX0_IRQHandler
                0x08000408                FPU_IRQHandler
                0x08000408                OTG_HS_WKUP_IRQHandler
                0x08000408                UsageFault_Handler
                0x08000408                CAN2_SCE_IRQHandler
                0x08000408                DMA2_Stream2_IRQHandler
                0x08000408                SPI1_IRQHandler
                0x08000408                TIM6_DAC_IRQHandler
                0x08000408                TIM1_BRK_TIM9_IRQHandler
                0x08000408                DCMI_IRQHandler
                0x08000408                CAN2_RX0_IRQHandler
                0x08000408                DMA2_Stream3_IRQHandler
                0x08000408                USART6_IRQHandler
                0x08000408                USART3_IRQHandler
                0x08000408                CRYP_IRQHandler
                0x08000408                CAN1_RX1_IRQHandler
                0x08000408                UART5_IRQHandler
                0x08000408                DMA2_Stream0_IRQHandler
                0x08000408                TIM4_IRQHandler
                0x08000408                I2C1_EV_IRQHandler
                0x08000408                DMA1_Stream6_IRQHandler
                0x08000408                DMA1_Stream1_IRQHandler
                0x08000408                UART4_IRQHandler
                0x08000408                TIM3_IRQHandler
                0x08000408                RCC_IRQHandler
                0x08000408                TIM8_BRK_TIM12_IRQHandler
                0x08000408                EXTI15_10_IRQHandler
                0x08000408                ADC_IRQHandler
                0x08000408                DMA1_Stream7_IRQHandler
                0x08000408                TIM7_IRQHandler
                0x08000408                CAN2_TX_IRQHandler
                0x08000408                TIM5_IRQHandler
                0x08000408                DMA2_Stream7_IRQHandler
                0x08000408                I2C3_EV_IRQHandler
                0x08000408                EXTI9_5_IRQHandler
                0x08000408                RTC_WKUP_IRQHandler
                0x08000408                ETH_WKUP_IRQHandler
                0x08000408                SPI2_IRQHandler
                0x08000408                OTG_HS_EP1_IN_IRQHandler
                0x08000408                MemManage_Handler
                0x08000408                DMA1_Stream0_IRQHandler
                0x08000408                CAN1_TX_IRQHandler
                0x08000408                SVC_Handler
                0x08000408                EXTI4_IRQHandler
                0x08000408                FSMC_IRQHandler
                0x08000408                ETH_IRQHandler
                0x08000408                OTG_HS_EP1_OUT_IRQHandler
                0x08000408                WWDG_IRQHandler
                0x08000408                TIM2_IRQHandler
                0x08000408                OTG_FS_WKUP_IRQHandler
                0x08000408                TIM1_TRG_COM_TIM11_IRQHandler
                0x08000408                OTG_HS_IRQHandler
                0x08000408                EXTI1_IRQHandler
                0x08000408                USART2_IRQHandler
                0x08000408                I2C2_ER_IRQHandler
                0x08000408                DMA2_Stream1_IRQHandler
                0x08000408                CAN1_SCE_IRQHandler
                0x08000408                FLASH_IRQHandler
                0x08000408                DMA2_Stream4_IRQHandler
                0x08000408                BusFault_Handler
                0x08000408                USART1_IRQHandler
                0x08000408                OTG_FS_IRQHandler
                0x08000408                SPI3_IRQHandler
                0x08000408                DMA1_Stream4_IRQHandler
                0x08000408                I2C1_ER_IRQHandler
                0x08000408                DMA2_Stream6_IRQHandler
                0x08000408                DMA1_Stream3_IRQHandler
 .text.init_gpio
                0x08000410      0x130 ..\obj\main.o
                0x08000410                init_gpio
 .text.main     0x08000540       0x70 ..\obj\main.o
                0x08000540                main
 .text.RCC_AHB1PeriphClockCmd
                0x080005b0       0x3c ..\obj\stm32f4xx_rcc.o
                0x080005b0                RCC_AHB1PeriphClockCmd
 .text.TM_FATFS_SPI_FLASH_disk_initialize
                0x080005ec       0x18 ..\obj\fatfs_spi_flash.o
                0x080005ec                TM_FATFS_SPI_FLASH_disk_initialize
 .text.TM_FATFS_SPI_FLASH_disk_status
                0x08000604       0x18 ..\obj\fatfs_spi_flash.o
                0x08000604                TM_FATFS_SPI_FLASH_disk_status
 .text.TM_FATFS_SPI_FLASH_disk_ioctl
                0x0800061c       0x3c ..\obj\fatfs_spi_flash.o
                0x0800061c                TM_FATFS_SPI_FLASH_disk_ioctl
 .text.TM_FATFS_SPI_FLASH_disk_read
                0x08000658       0x1c ..\obj\fatfs_spi_flash.o
                0x08000658                TM_FATFS_SPI_FLASH_disk_read
 .text.TM_FATFS_SPI_FLASH_disk_write
                0x08000674       0x1c ..\obj\fatfs_spi_flash.o
                0x08000674                TM_FATFS_SPI_FLASH_disk_write
 .text.TM_SPI_Send
                0x08000690       0x78 ..\obj\fatfs_sd.o
 .text.Delayms  0x08000708       0x58 ..\obj\fatfs_sd.o
 .text.init_spi
                0x08000760       0x28 ..\obj\fatfs_sd.o
 .text.rcvr_spi_multi
                0x08000788       0x20 ..\obj\fatfs_sd.o
 .text.xmit_spi_multi
                0x080007a8       0x20 ..\obj\fatfs_sd.o
 .text.wait_ready
                0x080007c8       0x44 ..\obj\fatfs_sd.o
 .text.deselect
                0x0800080c       0x20 ..\obj\fatfs_sd.o
 .text.select   0x0800082c       0x38 ..\obj\fatfs_sd.o
 .text.rcvr_datablock
                0x08000864       0x60 ..\obj\fatfs_sd.o
 .text.xmit_datablock
                0x080008c4       0x70 ..\obj\fatfs_sd.o
 .text.send_cmd
                0x08000934       0xf4 ..\obj\fatfs_sd.o
 .text.TM_FATFS_InitPins
                0x08000a28       0x24 ..\obj\fatfs_sd.o
                0x08000a28                TM_FATFS_InitPins
 .text.TM_FATFS_Detect
                0x08000a4c       0x10 ..\obj\fatfs_sd.o
                0x08000a4c                TM_FATFS_Detect
 .text.TM_FATFS_WriteEnabled
                0x08000a5c       0x10 ..\obj\fatfs_sd.o
                0x08000a5c                TM_FATFS_WriteEnabled
 .text.TM_FATFS_SD_disk_initialize
                0x08000a6c      0x1d0 ..\obj\fatfs_sd.o
                0x08000a6c                TM_FATFS_SD_disk_initialize
 .text.TM_FATFS_SD_disk_status
                0x08000c3c       0x4c ..\obj\fatfs_sd.o
                0x08000c3c                TM_FATFS_SD_disk_status
 .text.TM_FATFS_SD_disk_read
                0x08000c88       0xc0 ..\obj\fatfs_sd.o
                0x08000c88                TM_FATFS_SD_disk_read
 .text.TM_FATFS_SD_disk_write
                0x08000d48      0x100 ..\obj\fatfs_sd.o
                0x08000d48                TM_FATFS_SD_disk_write
 .text.TM_FATFS_SD_disk_ioctl
                0x08000e48      0x2cc ..\obj\fatfs_sd.o
                0x08000e48                TM_FATFS_SD_disk_ioctl
 .text.NVIC_SetPriority
                0x08001114       0x54 ..\obj\tm_stm32f4_delay.o
 .text.SysTick_Config
                0x08001168       0x44 ..\obj\tm_stm32f4_delay.o
 .text.SysTick_Handler
                0x080011ac       0xf0 ..\obj\tm_stm32f4_delay.o
                0x080011ac                SysTick_Handler
 .text.TM_DELAY_Init
                0x0800129c       0x4c ..\obj\tm_stm32f4_delay.o
                0x0800129c                TM_DELAY_Init
 .text.TM_SPI_Init
                0x080012e8       0x80 ..\obj\tm_stm32f4_spi.o
                0x080012e8                TM_SPI_Init
 .text.TM_SPI_WriteMulti
                0x08001368       0x88 ..\obj\tm_stm32f4_spi.o
                0x08001368                TM_SPI_WriteMulti
 .text.TM_SPI_ReadMulti
                0x080013f0       0x94 ..\obj\tm_stm32f4_spi.o
                0x080013f0                TM_SPI_ReadMulti
 .text.TM_SPIx_Init
                0x08001484      0x11c ..\obj\tm_stm32f4_spi.o
 .text.TM_SPI1_INT_InitPins
                0x080015a0       0x5c ..\obj\tm_stm32f4_spi.o
                0x080015a0                TM_SPI1_INT_InitPins
 .text.TM_SPI2_INT_InitPins
                0x080015fc       0x94 ..\obj\tm_stm32f4_spi.o
                0x080015fc                TM_SPI2_INT_InitPins
 .text.TM_SPI3_INT_InitPins
                0x08001690       0x60 ..\obj\tm_stm32f4_spi.o
                0x08001690                TM_SPI3_INT_InitPins
 .text.GPIO_Init
                0x080016f0      0x11c ..\obj\stm32f4xx_gpio.o
                0x080016f0                GPIO_Init
 .text.GPIO_WriteBit
                0x0800180c       0x30 ..\obj\stm32f4xx_gpio.o
                0x0800180c                GPIO_WriteBit
 .text          0x0800183c       0x28 ..\obj\sh_cmd.o
                0x0800183c                SH_DoCommand
                0x0800184e                HardFault_Handler
 .text.SystemInit
                0x08001864       0x58 ..\obj\system_stm32f4xx.o
                0x08001864                SystemInit
 .text.SetSysClock
                0x080018bc       0xf4 ..\obj\system_stm32f4xx.o
 .text.sync_window
                0x080019b0       0x8c ..\obj\ff.o
 .text.move_window
                0x08001a3c       0x5c ..\obj\ff.o
 .text.get_ldnumber
                0x08001a98      0x110 ..\obj\ff.o
 .text.check_fs
                0x08001ba8       0xc4 ..\obj\ff.o
 .text.find_volume
                0x08001c6c      0x56c ..\obj\ff.o
 .text.f_mount  0x080021d8       0x88 ..\obj\ff.o
                0x080021d8                f_mount
 .text.SPI_Init
                0x08002260       0x88 ..\obj\stm32f4xx_spi.o
                0x08002260                SPI_Init
 .text.SPI_StructInit
                0x080022e8       0x48 ..\obj\stm32f4xx_spi.o
                0x080022e8                SPI_StructInit
 .text.TM_GPIO_Init
                0x08002330       0x44 ..\obj\tm_stm32f4_gpio.o
                0x08002330                TM_GPIO_Init
 .text.TM_GPIO_InitAlternate
                0x08002374       0xa8 ..\obj\tm_stm32f4_gpio.o
                0x08002374                TM_GPIO_InitAlternate
 .text.TM_GPIO_GetPortSource
                0x0800241c       0x24 ..\obj\tm_stm32f4_gpio.o
                0x0800241c                TM_GPIO_GetPortSource
 .text.TM_GPIO_INT_EnableClock
                0x08002440       0x2c ..\obj\tm_stm32f4_gpio.o
                0x08002440                TM_GPIO_INT_EnableClock
 .text.TM_GPIO_INT_Init
                0x0800246c      0x10c ..\obj\tm_stm32f4_gpio.o
                0x0800246c                TM_GPIO_INT_Init
 *(.init)
 *(.fini)
 *crtbegin.o(.ctors)
 *crtbegin?.o(.ctors)
 *(EXCLUDE_FILE(*crtend.o *crtend?.o) .ctors)
 *(SORT(.ctors.*))
 *(.ctors)
 *crtbegin.o(.dtors)
 *crtbegin?.o(.dtors)
 *(EXCLUDE_FILE(*crtend.o *crtend?.o) .dtors)
 *(SORT(.dtors.*))
 *(.dtors)
 *(.rodata*)
 .rodata        0x08002578        0x1 ..\obj\main.o
 *fill*         0x08002579        0x3 
 .rodata        0x0800257c      0x17e ..\obj\ff.o
 *(.eh_fram e*)

.glue_7         0x080026fc        0x0
 .glue_7        0x00000000        0x0 linker stubs

.glue_7t        0x080026fc        0x0
 .glue_7t       0x00000000        0x0 linker stubs

.vfp11_veneer   0x080026fc        0x0
 .vfp11_veneer  0x00000000        0x0 linker stubs

.v4_bx          0x080026fc        0x0
 .v4_bx         0x00000000        0x0 linker stubs

.iplt           0x080026fc        0x0
 .iplt          0x00000000        0x0 ..\obj\semihosting.o

.rel.dyn        0x080026fc        0x0
 .rel.iplt      0x00000000        0x0 ..\obj\semihosting.o

.ARM.extab
 *(.ARM.extab* .gnu.linkonce.armextab.*)
                0x080026fc                __exidx_start = .

.ARM.exidx
 *(.ARM.exidx* .gnu.linkonce.armexidx.*)
                0x080026fc                __exidx_end = .
                0x080026fc                __etext = .
                0x080026fa                _sidata = __etext

.data           0x20000000       0xcc load address 0x080026fa
                0x20000000                __data_start__ = .
                0x20000000                _sdata = __data_start__
 *(vtable)
 *(.data*)
 .data          0x20000000       0xb4 ..\obj\diskio.o
                0x20000000                FATFS_LowLevelDrivers
 .data          0x200000b4        0x1 ..\obj\fatfs_spi_flash.o
 .data          0x200000b5        0x1 ..\obj\fatfs_sd.o
 *fill*         0x200000b6        0x2 
 .data          0x200000b8       0x14 ..\obj\system_stm32f4xx.o
                0x200000b8                SystemCoreClock
                0x200000bc                AHBPrescTable
                0x200000cc                . = ALIGN (0x4)
                0x200000cc                PROVIDE (__preinit_array_start, .)
 *(.preinit_array)
                0x200000cc                PROVIDE (__preinit_array_end, .)
                0x200000cc                . = ALIGN (0x4)
                0x200000cc                PROVIDE (__init_array_start, .)
 *(SORT(.init_array.*))
 *(.init_array)
                0x200000cc                PROVIDE (__init_array_end, .)
                0x200000cc                . = ALIGN (0x4)
                0x200000cc                PROVIDE (__fini_array_start, .)
 *(SORT(.fini_array.*))
 *(.fini_array)
                0x200000cc                PROVIDE (__fini_array_end, .)
 *(.jcr*)
                0x200000cc                . = ALIGN (0x4)
                0x200000cc                __data_end__ = .
                0x200000cc                _edata = __data_end__

.igot.plt       0x200000cc        0x0 load address 0x080027c8
 .igot.plt      0x00000000        0x0 ..\obj\semihosting.o

.bss            0x200000cc       0x70 load address 0x080027c8
                0x200000cc                . = ALIGN (0x4)
                0x200000cc                __bss_start__ = .
                0x200000cc                _sbss = __bss_start__
 *(.bss*)
 .bss           0x200000cc        0x1 ..\obj\fatfs_sd.o
 *fill*         0x200000cd        0x3 
 .bss           0x200000d0       0x28 ..\obj\tm_stm32f4_delay.o
                0x200000d0                TM_TimingDelay
                0x200000d4                TM_Time
                0x200000d8                TM_Time2
                0x200000dc                TM_DELAY_Initialized
 .bss           0x200000f8       0x27 ..\obj\ff.o
 *fill*         0x2000011f        0x1 
 .bss           0x20000120       0x16 ..\obj\tm_stm32f4_gpio.o
 *(COMMON)
 *fill*         0x20000136        0x2 
 COMMON         0x20000138        0x4 ..\obj\tm_stm32f4_delay.o
                0x20000138                mult
                0x2000013c                . = ALIGN (0x4)
                0x2000013c                __bss_end__ = .
                0x2000013c                _ebss = __bss_end__

.heap           0x2000013c        0x0
                0x2000013c                __end__ = .
                0x2000013c                _end = __end__
                0x2000013c                end = __end__
 *(.heap*)
                0x2000013c                __HeapLimit = .

.co_stack       0x2000013c      0x804 load address 0x08002838
                0x20000140                . = ALIGN (0x8)
 *fill*         0x2000013c        0x4 
 *(.co_stack .co_stack.*)
 .co_stack      0x20000140      0x800 ..\obj\startup_stm32f4xx.o
                0x20000140                pulStack
                0x20010000                __StackTop = (ORIGIN (ram) + 0x10000)
                0x2000f7fc                __StackLimit = (__StackTop - SIZEOF (.co_stack))
                0x20010000                PROVIDE (__stack, __StackTop)
                0x00000001                ASSERT ((__StackLimit >= __HeapLimit), region ram  overflowed with stack)
LOAD ..\obj\semihosting.o
LOAD ..\obj\tm_stm32f4_fatfs.o
LOAD ..\obj\stm32f4xx_pwr.o
LOAD ..\obj\diskio.o
LOAD ..\obj\startup_stm32f4xx.o
LOAD ..\obj\main.o
LOAD ..\obj\stm32f4xx_rcc.o
LOAD ..\obj\fatfs_spi_flash.o
LOAD ..\obj\printf.o
LOAD ..\obj\fatfs_sd.o
LOAD ..\obj\tm_stm32f4_delay.o
LOAD ..\obj\tm_stm32f4_spi.o
LOAD ..\obj\stm32f4xx_gpio.o
LOAD ..\obj\sh_cmd.o
LOAD ..\obj\system_stm32f4xx.o
LOAD ..\obj\syscalls.o
LOAD ..\obj\ff.o
LOAD ..\obj\stm32f4xx_spi.o
LOAD ..\obj\misc.o
LOAD ..\obj\tm_stm32f4_gpio.o
LOAD ..\obj\tm_stm32f4_timer_properties.o
LOAD ..\obj\stm32f4xx_tim.o
START GROUP
LOAD c:/program files (x86)/gnu tools arm embedded/4.9 2015q3/bin/../lib/gcc/arm-none-eabi/4.9.3/armv7e-m\libgcc.a
LOAD c:/program files (x86)/gnu tools arm embedded/4.9 2015q3/bin/../lib/gcc/arm-none-eabi/4.9.3/../../../../arm-none-eabi/lib/armv7e-m\libg.a
LOAD c:/program files (x86)/gnu tools arm embedded/4.9 2015q3/bin/../lib/gcc/arm-none-eabi/4.9.3/../../../../arm-none-eabi/lib/armv7e-m\libc.a
END GROUP
OUTPUT(SDCard.elf elf32-littlearm)

.debug_info     0x00000000     0x7ea4
 .debug_info    0x00000000      0x8a6 ..\obj\diskio.o
 .debug_info    0x000008a6       0xed ..\obj\startup_stm32f4xx.o
 .debug_info    0x00000993      0x4de ..\obj\main.o
 .debug_info    0x00000e71      0xc4d ..\obj\stm32f4xx_rcc.o
 .debug_info    0x00001abe      0x205 ..\obj\fatfs_spi_flash.o
 .debug_info    0x00001cc3      0x89e ..\obj\fatfs_sd.o
 .debug_info    0x00002561      0xa16 ..\obj\tm_stm32f4_delay.o
 .debug_info    0x00002f77      0xa48 ..\obj\tm_stm32f4_spi.o
 .debug_info    0x000039bf      0x602 ..\obj\stm32f4xx_gpio.o
 .debug_info    0x00003fc1       0x90 ..\obj\sh_cmd.o
 .debug_info    0x00004051      0x592 ..\obj\system_stm32f4xx.o
 .debug_info    0x000045e3     0x259d ..\obj\ff.o
 .debug_info    0x00006b80      0xb07 ..\obj\stm32f4xx_spi.o
 .debug_info    0x00007687      0x81d ..\obj\tm_stm32f4_gpio.o

.debug_abbrev   0x00000000     0x1562
 .debug_abbrev  0x00000000      0x1a9 ..\obj\diskio.o
 .debug_abbrev  0x000001a9       0xb0 ..\obj\startup_stm32f4xx.o
 .debug_abbrev  0x00000259      0x17a ..\obj\main.o
 .debug_abbrev  0x000003d3      0x1e3 ..\obj\stm32f4xx_rcc.o
 .debug_abbrev  0x000005b6       0xdd ..\obj\fatfs_spi_flash.o
 .debug_abbrev  0x00000693      0x28a ..\obj\fatfs_sd.o
 .debug_abbrev  0x0000091d      0x2c4 ..\obj\tm_stm32f4_delay.o
 .debug_abbrev  0x00000be1      0x1e4 ..\obj\tm_stm32f4_spi.o
 .debug_abbrev  0x00000dc5      0x1a3 ..\obj\stm32f4xx_gpio.o
 .debug_abbrev  0x00000f68       0x14 ..\obj\sh_cmd.o
 .debug_abbrev  0x00000f7c      0x136 ..\obj\system_stm32f4xx.o
 .debug_abbrev  0x000010b2      0x1fa ..\obj\ff.o
 .debug_abbrev  0x000012ac      0x167 ..\obj\stm32f4xx_spi.o
 .debug_abbrev  0x00001413      0x14f ..\obj\tm_stm32f4_gpio.o

.debug_aranges  0x00000000      0x958
 .debug_aranges
                0x00000000      0x118 ..\obj\diskio.o
 .debug_aranges
                0x00000118       0x28 ..\obj\startup_stm32f4xx.o
 .debug_aranges
                0x00000140       0x28 ..\obj\main.o
 .debug_aranges
                0x00000168      0x178 ..\obj\stm32f4xx_rcc.o
 .debug_aranges
                0x000002e0       0x40 ..\obj\fatfs_spi_flash.o
 .debug_aranges
                0x00000320       0xb0 ..\obj\fatfs_sd.o
 .debug_aranges
                0x000003d0       0x80 ..\obj\tm_stm32f4_delay.o
 .debug_aranges
                0x00000450       0x90 ..\obj\tm_stm32f4_spi.o
 .debug_aranges
                0x000004e0       0x88 ..\obj\stm32f4xx_gpio.o
 .debug_aranges
                0x00000568       0x20 ..\obj\sh_cmd.o
 .debug_aranges
                0x00000588       0x30 ..\obj\system_stm32f4xx.o
 .debug_aranges
                0x000005b8      0x228 ..\obj\ff.o
 .debug_aranges
                0x000007e0       0xe0 ..\obj\stm32f4xx_spi.o
 .debug_aranges
                0x000008c0       0x98 ..\obj\tm_stm32f4_gpio.o

.debug_ranges   0x00000000      0x868
 .debug_ranges  0x00000000      0x108 ..\obj\diskio.o
 .debug_ranges  0x00000108       0x18 ..\obj\startup_stm32f4xx.o
 .debug_ranges  0x00000120       0x18 ..\obj\main.o
 .debug_ranges  0x00000138      0x168 ..\obj\stm32f4xx_rcc.o
 .debug_ranges  0x000002a0       0x30 ..\obj\fatfs_spi_flash.o
 .debug_ranges  0x000002d0       0xa0 ..\obj\fatfs_sd.o
 .debug_ranges  0x00000370       0x70 ..\obj\tm_stm32f4_delay.o
 .debug_ranges  0x000003e0       0x80 ..\obj\tm_stm32f4_spi.o
 .debug_ranges  0x00000460       0x78 ..\obj\stm32f4xx_gpio.o
 .debug_ranges  0x000004d8       0x20 ..\obj\system_stm32f4xx.o
 .debug_ranges  0x000004f8      0x218 ..\obj\ff.o
 .debug_ranges  0x00000710       0xd0 ..\obj\stm32f4xx_spi.o
 .debug_ranges  0x000007e0       0x88 ..\obj\tm_stm32f4_gpio.o

.debug_line     0x00000000     0x4190
 .debug_line    0x00000000      0x41e ..\obj\diskio.o
 .debug_line    0x0000041e       0x9a ..\obj\startup_stm32f4xx.o
 .debug_line    0x000004b8      0x27c ..\obj\main.o
 .debug_line    0x00000734      0x599 ..\obj\stm32f4xx_rcc.o
 .debug_line    0x00000ccd      0x1fa ..\obj\fatfs_spi_flash.o
 .debug_line    0x00000ec7      0x5d5 ..\obj\fatfs_sd.o
 .debug_line    0x0000149c      0x35c ..\obj\tm_stm32f4_delay.o
 .debug_line    0x000017f8      0x4ab ..\obj\tm_stm32f4_spi.o
 .debug_line    0x00001ca3      0x33b ..\obj\stm32f4xx_gpio.o
 .debug_line    0x00001fde       0x7b ..\obj\sh_cmd.o
 .debug_line    0x00002059      0x1f4 ..\obj\system_stm32f4xx.o
 .debug_line    0x0000224d     0x1787 ..\obj\ff.o
 .debug_line    0x000039d4      0x44a ..\obj\stm32f4xx_spi.o
 .debug_line    0x00003e1e      0x372 ..\obj\tm_stm32f4_gpio.o

.debug_str      0x00000000     0x280d
 .debug_str     0x00000000      0x521 ..\obj\diskio.o
                                0x5bb (size before relaxing)
 .debug_str     0x00000521       0xa9 ..\obj\startup_stm32f4xx.o
                                0x140 (size before relaxing)
 .debug_str     0x000005ca      0x313 ..\obj\main.o
                                0x54a (size before relaxing)
 .debug_str     0x000008dd      0x698 ..\obj\stm32f4xx_rcc.o
                                0x849 (size before relaxing)
 .debug_str     0x00000f75       0x52 ..\obj\fatfs_spi_flash.o
                                0x278 (size before relaxing)
 .debug_str     0x00000fc7      0x2d0 ..\obj\fatfs_sd.o
                                0x5ff (size before relaxing)
 .debug_str     0x00001297      0x798 ..\obj\tm_stm32f4_delay.o
                                0x9b1 (size before relaxing)
 .debug_str     0x00001a2f      0x2c4 ..\obj\tm_stm32f4_spi.o
                                0x712 (size before relaxing)
 .debug_str     0x00001cf3      0x186 ..\obj\stm32f4xx_gpio.o
                                0x49c (size before relaxing)
 .debug_str     0x00001e79       0xad ..\obj\system_stm32f4xx.o
                                0x3a3 (size before relaxing)
 .debug_str     0x00001f26      0x42e ..\obj\ff.o
                                0x791 (size before relaxing)
 .debug_str     0x00002354      0x2e6 ..\obj\stm32f4xx_spi.o
                                0x683 (size before relaxing)
 .debug_str     0x0000263a      0x1d3 ..\obj\tm_stm32f4_gpio.o
                                0x59a (size before relaxing)

.comment        0x00000000       0x70
 .comment       0x00000000       0x70 ..\obj\diskio.o
                                 0x71 (size before relaxing)
 .comment       0x00000000       0x71 ..\obj\startup_stm32f4xx.o
 .comment       0x00000000       0x71 ..\obj\main.o
 .comment       0x00000000       0x71 ..\obj\stm32f4xx_rcc.o
 .comment       0x00000000       0x71 ..\obj\fatfs_spi_flash.o
 .comment       0x00000000       0x71 ..\obj\fatfs_sd.o
 .comment       0x00000000       0x71 ..\obj\tm_stm32f4_delay.o
 .comment       0x00000000       0x71 ..\obj\tm_stm32f4_spi.o
 .comment       0x00000000       0x71 ..\obj\stm32f4xx_gpio.o
 .comment       0x00000000       0x71 ..\obj\system_stm32f4xx.o
 .comment       0x00000000       0x71 ..\obj\ff.o
 .comment       0x00000000       0x71 ..\obj\stm32f4xx_spi.o
 .comment       0x00000000       0x71 ..\obj\tm_stm32f4_gpio.o

.ARM.attributes
                0x00000000       0x31
 .ARM.attributes
                0x00000000       0x33 ..\obj\diskio.o
 .ARM.attributes
                0x00000033       0x33 ..\obj\startup_stm32f4xx.o
 .ARM.attributes
                0x00000066       0x33 ..\obj\main.o
 .ARM.attributes
                0x00000099       0x33 ..\obj\stm32f4xx_rcc.o
 .ARM.attributes
                0x000000cc       0x33 ..\obj\fatfs_spi_flash.o
 .ARM.attributes
                0x000000ff       0x33 ..\obj\fatfs_sd.o
 .ARM.attributes
                0x00000132       0x33 ..\obj\tm_stm32f4_delay.o
 .ARM.attributes
                0x00000165       0x33 ..\obj\tm_stm32f4_spi.o
 .ARM.attributes
                0x00000198       0x33 ..\obj\stm32f4xx_gpio.o
 .ARM.attributes
                0x000001cb       0x21 ..\obj\sh_cmd.o
 .ARM.attributes
                0x000001ec       0x33 ..\obj\system_stm32f4xx.o
 .ARM.attributes
                0x0000021f       0x33 ..\obj\ff.o
 .ARM.attributes
                0x00000252       0x33 ..\obj\stm32f4xx_spi.o
 .ARM.attributes
                0x00000285       0x33 ..\obj\tm_stm32f4_gpio.o

.debug_frame    0x00000000     0x26c4
 .debug_frame   0x00000000      0x4a4 ..\obj\diskio.o
 .debug_frame   0x000004a4       0x4c ..\obj\startup_stm32f4xx.o
 .debug_frame   0x000004f0       0x54 ..\obj\main.o
 .debug_frame   0x00000544      0x6d4 ..\obj\stm32f4xx_rcc.o
 .debug_frame   0x00000c18       0xc8 ..\obj\fatfs_spi_flash.o
 .debug_frame   0x00000ce0      0x2a4 ..\obj\fatfs_sd.o
 .debug_frame   0x00000f84      0x1ec ..\obj\tm_stm32f4_delay.o
 .debug_frame   0x00001170      0x24c ..\obj\tm_stm32f4_spi.o
 .debug_frame   0x000013bc      0x23c ..\obj\stm32f4xx_gpio.o
 .debug_frame   0x000015f8       0x7c ..\obj\system_stm32f4xx.o
 .debug_frame   0x00001674      0x9e4 ..\obj\ff.o
 .debug_frame   0x00002058      0x3f4 ..\obj\stm32f4xx_spi.o
 .debug_frame   0x0000244c      0x278 ..\obj\tm_stm32f4_gpio.o
